main.c:82:6:Set_LED	24	static
main.c:93:6:Set_Brightness	40	static
main.c:113:6:WS2812_Send	32	static
main.c:147:6:HAL_TIM_PWM_PulseFinishedCallback	16	static
main.c:171:7:map	32	static
main.c:183:5:main	56	static
main.c:262:6:SystemClock_Config	232	static
main.c:326:13:MX_ADC1_Init	48	static
main.c:390:13:MX_TIM1_Init	112	static
main.c:470:13:MX_USART2_UART_Init	8	static
main.c:503:13:MX_DMA_Init	16	static
main.c:521:13:MX_GPIO_Init	16	static
main.c:541:6:StartDefaultTask	40	static
main.c:598:6:HAL_TIM_PeriodElapsedCallback	16	static
main.c:615:6:Error_Handler	4	static
