main.c:81:6:Set_LED	24	static
main.c:92:6:Set_Brightness	40	static
main.c:112:6:WS2812_Send	32	static
main.c:146:6:HAL_TIM_PWM_PulseFinishedCallback	16	static
main.c:170:7:map	32	static
main.c:181:5:main	48	static
main.c:257:6:SystemClock_Config	232	static
main.c:321:13:MX_ADC1_Init	48	static
main.c:385:13:MX_TIM1_Init	112	static
main.c:465:13:MX_USART2_UART_Init	8	static
main.c:498:13:MX_DMA_Init	16	static
main.c:516:13:MX_GPIO_Init	16	static
main.c:536:6:StartDefaultTask	40	static
main.c:588:6:HAL_TIM_PeriodElapsedCallback	16	static
main.c:605:6:Error_Handler	4	static
