Archive member included to satisfy reference by file (symbol)

/opt/Atollic_TrueSTUDIO_for_STM32_x86_64_9.3.0/ARMTools/bin/../lib/gcc/arm-atollic-eabi/6.3.1/../../../../arm-atollic-eabi/lib/armv7e-m/fpu/libc_nano.a(lib_a-errno.o)
                              Core/Src/syscalls.o (__errno)
/opt/Atollic_TrueSTUDIO_for_STM32_x86_64_9.3.0/ARMTools/bin/../lib/gcc/arm-atollic-eabi/6.3.1/../../../../arm-atollic-eabi/lib/armv7e-m/fpu/libc_nano.a(lib_a-impure.o)
                              /opt/Atollic_TrueSTUDIO_for_STM32_x86_64_9.3.0/ARMTools/bin/../lib/gcc/arm-atollic-eabi/6.3.1/../../../../arm-atollic-eabi/lib/armv7e-m/fpu/libc_nano.a(lib_a-errno.o) (_impure_ptr)
/opt/Atollic_TrueSTUDIO_for_STM32_x86_64_9.3.0/ARMTools/bin/../lib/gcc/arm-atollic-eabi/6.3.1/../../../../arm-atollic-eabi/lib/armv7e-m/fpu/libc_nano.a(lib_a-init.o)
                              startup/startup_stm32l476xx.o (__libc_init_array)
/opt/Atollic_TrueSTUDIO_for_STM32_x86_64_9.3.0/ARMTools/bin/../lib/gcc/arm-atollic-eabi/6.3.1/../../../../arm-atollic-eabi/lib/armv7e-m/fpu/libc_nano.a(lib_a-memcpy-stub.o)
                              Middlewares/Third_Party/FreeRTOS/Source/queue.o (memcpy)
/opt/Atollic_TrueSTUDIO_for_STM32_x86_64_9.3.0/ARMTools/bin/../lib/gcc/arm-atollic-eabi/6.3.1/../../../../arm-atollic-eabi/lib/armv7e-m/fpu/libc_nano.a(lib_a-memset.o)
                              Core/Src/main.o (memset)

Allocating common symbols
Common symbol       size              file

hdma_tim1_ch1       0x48              Core/Src/main.o
defaultTaskHandle   0x4               Core/Src/main.o
LPTHandle           0x4               Core/Src/main.o
LED_Data            0xc3              Core/Src/main.o
LED_Mod             0xc3              Core/Src/main.o
uwTick              0x4               Drivers/STM32L4xx_HAL_Driver/Src/stm32l4xx_hal.o
xQueueRegistry      0x40              Middlewares/Third_Party/FreeRTOS/Source/queue.o
pwmData             0xa24             Core/Src/main.o
TxData              0x8               Core/Src/main.o
htim6               0x4c              Core/Src/stm32l4xx_hal_timebase_tim.o
htim1               0x4c              Core/Src/main.o
HPTHandle           0x4               Core/Src/main.o
TxMailbox           0x4               Core/Src/main.o
RxData              0x8               Core/Src/main.o
hcan1               0x28              Core/Src/main.o
TxHeader            0x18              Core/Src/main.o
SimpMUTEXHandle     0x4               Core/Src/main.o
RxHeader            0x1c              Core/Src/main.o

Discarded input sections

 .text          0x0000000000000000        0x0 /opt/Atollic_TrueSTUDIO_for_STM32_x86_64_9.3.0/ARMTools/bin/../lib/gcc/arm-atollic-eabi/6.3.1/armv7e-m/fpu/crti.o
 .data          0x0000000000000000        0x0 /opt/Atollic_TrueSTUDIO_for_STM32_x86_64_9.3.0/ARMTools/bin/../lib/gcc/arm-atollic-eabi/6.3.1/armv7e-m/fpu/crti.o
 .bss           0x0000000000000000        0x0 /opt/Atollic_TrueSTUDIO_for_STM32_x86_64_9.3.0/ARMTools/bin/../lib/gcc/arm-atollic-eabi/6.3.1/armv7e-m/fpu/crti.o
 .data          0x0000000000000000        0x4 /opt/Atollic_TrueSTUDIO_for_STM32_x86_64_9.3.0/ARMTools/bin/../lib/gcc/arm-atollic-eabi/6.3.1/armv7e-m/fpu/crtbegin.o
 .text          0x0000000000000000        0x0 Core/Src/freertos.o
 .data          0x0000000000000000        0x0 Core/Src/freertos.o
 .bss           0x0000000000000000        0x0 Core/Src/freertos.o
 .text          0x0000000000000000        0x0 Core/Src/main.o
 .data          0x0000000000000000        0x0 Core/Src/main.o
 .bss           0x0000000000000000        0x0 Core/Src/main.o
 .bss.datacheck
                0x0000000000000000        0x4 Core/Src/main.o
 .text          0x0000000000000000        0x0 Core/Src/stm32l4xx_hal_msp.o
 .data          0x0000000000000000        0x0 Core/Src/stm32l4xx_hal_msp.o
 .bss           0x0000000000000000        0x0 Core/Src/stm32l4xx_hal_msp.o
 .text.HAL_CAN_MspDeInit
                0x0000000000000000       0x48 Core/Src/stm32l4xx_hal_msp.o
 .text.HAL_TIM_Base_MspDeInit
                0x0000000000000000       0x38 Core/Src/stm32l4xx_hal_msp.o
 .text          0x0000000000000000        0x0 Core/Src/stm32l4xx_hal_timebase_tim.o
 .data          0x0000000000000000        0x0 Core/Src/stm32l4xx_hal_timebase_tim.o
 .bss           0x0000000000000000        0x0 Core/Src/stm32l4xx_hal_timebase_tim.o
 .text.HAL_SuspendTick
                0x0000000000000000       0x24 Core/Src/stm32l4xx_hal_timebase_tim.o
 .text.HAL_ResumeTick
                0x0000000000000000       0x24 Core/Src/stm32l4xx_hal_timebase_tim.o
 .text          0x0000000000000000        0x0 Core/Src/stm32l4xx_it.o
 .data          0x0000000000000000        0x0 Core/Src/stm32l4xx_it.o
 .bss           0x0000000000000000        0x0 Core/Src/stm32l4xx_it.o
 .text          0x0000000000000000        0x0 Core/Src/syscalls.o
 .data          0x0000000000000000        0x0 Core/Src/syscalls.o
 .bss           0x0000000000000000        0x0 Core/Src/syscalls.o
[...]
Memory Configuration

Name             Origin             Length             Attributes
RAM              0x0000000020000000 0x0000000000018000 xrw
RAM2             0x0000000010000000 0x0000000000008000 xrw
FLASH            0x0000000008000000 0x0000000000100000 xr
*default*        0x0000000000000000 0xffffffffffffffff

Linker script and memory map

LOAD /opt/Atollic_TrueSTUDIO_for_STM32_x86_64_9.3.0/ARMTools/bin/../lib/gcc/arm-atollic-eabi/6.3.1/armv7e-m/fpu/crti.o
LOAD /opt/Atollic_TrueSTUDIO_for_STM32_x86_64_9.3.0/ARMTools/bin/../lib/gcc/arm-atollic-eabi/6.3.1/armv7e-m/fpu/crtbegin.o
LOAD Core/Src/freertos.o
LOAD Core/Src/main.o
LOAD Core/Src/stm32l4xx_hal_msp.o
LOAD Core/Src/stm32l4xx_hal_timebase_tim.o
LOAD Core/Src/stm32l4xx_it.o
LOAD Core/Src/syscalls.o
LOAD Core/Src/system_stm32l4xx.o
LOAD Drivers/STM32L4xx_HAL_Driver/Src/stm32l4xx_hal.o
LOAD Drivers/STM32L4xx_HAL_Driver/Src/stm32l4xx_hal_can.o
LOAD Drivers/STM32L4xx_HAL_Driver/Src/stm32l4xx_hal_cortex.o
LOAD Drivers/STM32L4xx_HAL_Driver/Src/stm32l4xx_hal_dma.o
LOAD Drivers/STM32L4xx_HAL_Driver/Src/stm32l4xx_hal_dma_ex.o
LOAD Drivers/STM32L4xx_HAL_Driver/Src/stm32l4xx_hal_exti.o
LOAD Drivers/STM32L4xx_HAL_Driver/Src/stm32l4xx_hal_flash.o
LOAD Drivers/STM32L4xx_HAL_Driver/Src/stm32l4xx_hal_flash_ex.o
LOAD Drivers/STM32L4xx_HAL_Driver/Src/stm32l4xx_hal_flash_ramfunc.o
LOAD Drivers/STM32L4xx_HAL_Driver/Src/stm32l4xx_hal_gpio.o
LOAD Drivers/STM32L4xx_HAL_Driver/Src/stm32l4xx_hal_i2c.o
LOAD Drivers/STM32L4xx_HAL_Driver/Src/stm32l4xx_hal_i2c_ex.o
LOAD Drivers/STM32L4xx_HAL_Driver/Src/stm32l4xx_hal_pwr.o
LOAD Drivers/STM32L4xx_HAL_Driver/Src/stm32l4xx_hal_pwr_ex.o
LOAD Drivers/STM32L4xx_HAL_Driver/Src/stm32l4xx_hal_rcc.o
LOAD Drivers/STM32L4xx_HAL_Driver/Src/stm32l4xx_hal_rcc_ex.o
LOAD Drivers/STM32L4xx_HAL_Driver/Src/stm32l4xx_hal_tim.o
LOAD Drivers/STM32L4xx_HAL_Driver/Src/stm32l4xx_hal_tim_ex.o
LOAD Middlewares/Third_Party/FreeRTOS/Source/CMSIS_RTOS/cmsis_os.o
LOAD Middlewares/Third_Party/FreeRTOS/Source/croutine.o
LOAD Middlewares/Third_Party/FreeRTOS/Source/event_groups.o
LOAD Middlewares/Third_Party/FreeRTOS/Source/list.o
LOAD Middlewares/Third_Party/FreeRTOS/Source/portable/GCC/ARM_CM4F/port.o
LOAD Middlewares/Third_Party/FreeRTOS/Source/portable/MemMang/heap_4.o
LOAD Middlewares/Third_Party/FreeRTOS/Source/queue.o
LOAD Middlewares/Third_Party/FreeRTOS/Source/stream_buffer.o
LOAD Middlewares/Third_Party/FreeRTOS/Source/tasks.o
LOAD Middlewares/Third_Party/FreeRTOS/Source/timers.o
LOAD startup/startup_stm32l476xx.o
                0x0000000000000080                malloc_getpagesize_P = 0x80
START GROUP
LOAD /opt/Atollic_TrueSTUDIO_for_STM32_x86_64_9.3.0/ARMTools/bin/../lib/gcc/arm-atollic-eabi/6.3.1/../../../../arm-atollic-eabi/lib/armv7e-m/fpu/libc_nano.a
LOAD /opt/Atollic_TrueSTUDIO_for_STM32_x86_64_9.3.0/ARMTools/bin/../lib/gcc/arm-atollic-eabi/6.3.1/../../../../arm-atollic-eabi/lib/armv7e-m/fpu/libm.a
END GROUP
START GROUP
LOAD /opt/Atollic_TrueSTUDIO_for_STM32_x86_64_9.3.0/ARMTools/bin/../lib/gcc/arm-atollic-eabi/6.3.1/armv7e-m/fpu/libgcc.a
LOAD /opt/Atollic_TrueSTUDIO_for_STM32_x86_64_9.3.0/ARMTools/bin/../lib/gcc/arm-atollic-eabi/6.3.1/../../../../arm-atollic-eabi/lib/armv7e-m/fpu/libc_nano.a
END GROUP
START GROUP
LOAD /opt/Atollic_TrueSTUDIO_for_STM32_x86_64_9.3.0/ARMTools/bin/../lib/gcc/arm-atollic-eabi/6.3.1/armv7e-m/fpu/libgcc.a
LOAD /opt/Atollic_TrueSTUDIO_for_STM32_x86_64_9.3.0/ARMTools/bin/../lib/gcc/arm-atollic-eabi/6.3.1/../../../../arm-atollic-eabi/lib/armv7e-m/fpu/libc_nano.a
LOAD /opt/Atollic_TrueSTUDIO_for_STM32_x86_64_9.3.0/ARMTools/bin/../lib/gcc/arm-atollic-eabi/6.3.1/../../../../arm-atollic-eabi/lib/armv7e-m/fpu/libnosys.a
END GROUP
START GROUP
LOAD /opt/Atollic_TrueSTUDIO_for_STM32_x86_64_9.3.0/ARMTools/bin/../lib/gcc/arm-atollic-eabi/6.3.1/armv7e-m/fpu/libgcc.a
LOAD /opt/Atollic_TrueSTUDIO_for_STM32_x86_64_9.3.0/ARMTools/bin/../lib/gcc/arm-atollic-eabi/6.3.1/../../../../arm-atollic-eabi/lib/armv7e-m/fpu/libc_nano.a
LOAD /opt/Atollic_TrueSTUDIO_for_STM32_x86_64_9.3.0/ARMTools/bin/../lib/gcc/arm-atollic-eabi/6.3.1/../../../../arm-atollic-eabi/lib/armv7e-m/fpu/libnosys.a
END GROUP
LOAD /opt/Atollic_TrueSTUDIO_for_STM32_x86_64_9.3.0/ARMTools/bin/../lib/gcc/arm-atollic-eabi/6.3.1/armv7e-m/fpu/crtend.o
LOAD /opt/Atollic_TrueSTUDIO_for_STM32_x86_64_9.3.0/ARMTools/bin/../lib/gcc/arm-atollic-eabi/6.3.1/armv7e-m/fpu/crtn.o
                0x0000000020018000                _estack = 0x20018000
                0x0000000000000200                _Min_Heap_Size = 0x200
                0x0000000000000400                _Min_Stack_Size = 0x400

.isr_vector     0x0000000008000000      0x188
                0x0000000008000000                . = ALIGN (0x4)
 *(.isr_vector)
 .isr_vector    0x0000000008000000      0x188 startup/startup_stm32l476xx.o
                0x0000000008000000                g_pfnVectors
                0x0000000008000188                . = ALIGN (0x4)

.text           0x0000000008000190     0x6d54
                0x0000000008000190                . = ALIGN (0x4)
 *(.text)
 .text          0x0000000008000190       0x40 /opt/Atollic_TrueSTUDIO_for_STM32_x86_64_9.3.0/ARMTools/bin/../lib/gcc/arm-atollic-eabi/6.3.1/armv7e-m/fpu/crtbegin.o
 *(.text*)
 .text.vApplicationGetIdleTaskMemory
                0x00000000080001d0       0x34 Core/Src/freertos.o
                0x00000000080001d0                vApplicationGetIdleTaskMemory
 .text.HAL_CAN_RxFifo0MsgPendingCallback
                0x0000000008000204      0x178 Core/Src/main.o
                0x0000000008000204                HAL_CAN_RxFifo0MsgPendingCallback
 .text.weidelay
                0x000000000800037c       0x28 Core/Src/main.o
                0x000000000800037c                weidelay
 .text.Set_LED  0x00000000080003a4       0x88 Core/Src/main.o
                0x00000000080003a4                Set_LED
 .text.Set_Brightness
                0x000000000800042c       0xc4 Core/Src/main.o
                0x000000000800042c                Set_Brightness
 .text.WS2812_Send
                0x00000000080004f0       0xf0 Core/Src/main.o
                0x00000000080004f0                WS2812_Send
 .text.HAL_TIM_PWM_PulseFinishedCallback
                0x00000000080005e0       0x28 Core/Src/main.o
                0x00000000080005e0                HAL_TIM_PWM_PulseFinishedCallback
 .text.main     0x0000000008000608      0x10c Core/Src/main.o
                0x0000000008000608                main
 .text.SystemClock_Config
                0x0000000008000714       0xa2 Core/Src/main.o
                0x0000000008000714                SystemClock_Config
 *fill*         0x00000000080007b6        0x2 
 .text.MX_CAN1_Init
                0x00000000080007b8       0xa4 Core/Src/main.o
 .text.MX_TIM1_Init
                0x000000000800085c      0x158 Core/Src/main.o
 .text.MX_DMA_Init
                0x00000000080009b4       0x3c Core/Src/main.o
 .text.MX_GPIO_Init
                0x00000000080009f0       0xcc Core/Src/main.o
 .text.StartDefaultTask
                0x0000000008000abc       0xe0 Core/Src/main.o
                0x0000000008000abc                StartDefaultTask
 .text.StartLPT
                0x0000000008000b9c       0xcc Core/Src/main.o
                0x0000000008000b9c                StartLPT
 .text.StartHPT
                0x0000000008000c68       0xd8 Core/Src/main.o
                0x0000000008000c68                StartHPT
 .text.HAL_TIM_PeriodElapsedCallback
                0x0000000008000d40       0x24 Core/Src/main.o
                0x0000000008000d40                HAL_TIM_PeriodElapsedCallback
 .text.Error_Handler
                0x0000000008000d64        0x8 Core/Src/main.o
                0x0000000008000d64                Error_Handler
 .text.HAL_MspInit
                0x0000000008000d6c       0x50 Core/Src/stm32l4xx_hal_msp.o
                0x0000000008000d6c                HAL_MspInit
 .text.HAL_CAN_MspInit
                0x0000000008000dbc       0xa8 Core/Src/stm32l4xx_hal_msp.o
                0x0000000008000dbc                HAL_CAN_MspInit
 .text.HAL_TIM_Base_MspInit
                0x0000000008000e64       0x98 Core/Src/stm32l4xx_hal_msp.o
                0x0000000008000e64                HAL_TIM_Base_MspInit
 .text.HAL_TIM_MspPostInit
                0x0000000008000efc       0x70 Core/Src/stm32l4xx_hal_msp.o
                0x0000000008000efc                HAL_TIM_MspPostInit
 .text.HAL_InitTick
                0x0000000008000f6c       0xac Core/Src/stm32l4xx_hal_timebase_tim.o
                0x0000000008000f6c                HAL_InitTick
 .text.NMI_Handler
                0x0000000008001018        0x6 Core/Src/stm32l4xx_it.o
                0x0000000008001018                NMI_Handler
 .text.HardFault_Handler
                0x000000000800101e        0x6 Core/Src/stm32l4xx_it.o
                0x000000000800101e                HardFault_Handler
 .text.MemManage_Handler
                0x0000000008001024        0x6 Core/Src/stm32l4xx_it.o
                0x0000000008001024                MemManage_Handler
 .text.BusFault_Handler
                0x000000000800102a        0x6 Core/Src/stm32l4xx_it.o
                0x000000000800102a                BusFault_Handler
 .text.UsageFault_Handler
                0x0000000008001030        0x6 Core/Src/stm32l4xx_it.o
                0x0000000008001030                UsageFault_Handler
 .text.DebugMon_Handler
                0x0000000008001036        0xe Core/Src/stm32l4xx_it.o
                0x0000000008001036                DebugMon_Handler
 .text.DMA1_Channel2_IRQHandler
                0x0000000008001044       0x14 Core/Src/stm32l4xx_it.o
                0x0000000008001044                DMA1_Channel2_IRQHandler
 .text.CAN1_RX0_IRQHandler
                0x0000000008001058       0x14 Core/Src/stm32l4xx_it.o
                0x0000000008001058                CAN1_RX0_IRQHandler
 .text.CAN1_RX1_IRQHandler
                0x000000000800106c       0x14 Core/Src/stm32l4xx_it.o
                0x000000000800106c                CAN1_RX1_IRQHandler
 .text.TIM6_DAC_IRQHandler
                0x0000000008001080       0x14 Core/Src/stm32l4xx_it.o
                0x0000000008001080                TIM6_DAC_IRQHandler
 .text.SystemInit
                0x0000000008001094       0x64 Core/Src/system_stm32l4xx.o
                0x0000000008001094                SystemInit
 .text.HAL_Init
                0x00000000080010f8       0x30 Drivers/STM32L4xx_HAL_Driver/Src/stm32l4xx_hal.o
                0x00000000080010f8                HAL_Init
 .text.HAL_IncTick
                0x0000000008001128       0x28 Drivers/STM32L4xx_HAL_Driver/Src/stm32l4xx_hal.o
                0x0000000008001128                HAL_IncTick
 .text.HAL_GetTick
                0x0000000008001150       0x18 Drivers/STM32L4xx_HAL_Driver/Src/stm32l4xx_hal.o
                0x0000000008001150                HAL_GetTick
 .text.HAL_CAN_Init
                0x0000000008001168      0x1f4 Drivers/STM32L4xx_HAL_Driver/Src/stm32l4xx_hal_can.o
                0x0000000008001168                HAL_CAN_Init
 .text.HAL_CAN_ConfigFilter
                0x000000000800135c      0x194 Drivers/STM32L4xx_HAL_Driver/Src/stm32l4xx_hal_can.o
                0x000000000800135c                HAL_CAN_ConfigFilter
 .text.HAL_CAN_Start
                0x00000000080014f0       0x88 Drivers/STM32L4xx_HAL_Driver/Src/stm32l4xx_hal_can.o
                0x00000000080014f0                HAL_CAN_Start
 .text.HAL_CAN_AddTxMessage
                0x0000000008001578      0x1ae Drivers/STM32L4xx_HAL_Driver/Src/stm32l4xx_hal_can.o
                0x0000000008001578                HAL_CAN_AddTxMessage
 .text.HAL_CAN_GetRxMessage
                0x0000000008001726      0x224 Drivers/STM32L4xx_HAL_Driver/Src/stm32l4xx_hal_can.o
                0x0000000008001726                HAL_CAN_GetRxMessage
 .text.HAL_CAN_ActivateNotification
                0x000000000800194a       0x4c Drivers/STM32L4xx_HAL_Driver/Src/stm32l4xx_hal_can.o
                0x000000000800194a                HAL_CAN_ActivateNotification
 .text.HAL_CAN_IRQHandler
                0x0000000008001996      0x362 Drivers/STM32L4xx_HAL_Driver/Src/stm32l4xx_hal_can.o
                0x0000000008001996                HAL_CAN_IRQHandler
 .text.HAL_CAN_TxMailbox0CompleteCallback
                0x0000000008001cf8       0x14 Drivers/STM32L4xx_HAL_Driver/Src/stm32l4xx_hal_can.o
                0x0000000008001cf8                HAL_CAN_TxMailbox0CompleteCallback
 .text.HAL_CAN_TxMailbox1CompleteCallback
                0x0000000008001d0c       0x14 Drivers/STM32L4xx_HAL_Driver/Src/stm32l4xx_hal_can.o
                0x0000000008001d0c                HAL_CAN_TxMailbox1CompleteCallback
 .text.HAL_CAN_TxMailbox2CompleteCallback
                0x0000000008001d20       0x14 Drivers/STM32L4xx_HAL_Driver/Src/stm32l4xx_hal_can.o
                0x0000000008001d20                HAL_CAN_TxMailbox2CompleteCallback
 .text.HAL_CAN_TxMailbox0AbortCallback
                0x0000000008001d34       0x14 Drivers/STM32L4xx_HAL_Driver/Src/stm32l4xx_hal_can.o
                0x0000000008001d34                HAL_CAN_TxMailbox0AbortCallback
 .text.HAL_CAN_TxMailbox1AbortCallback
                0x0000000008001d48       0x14 Drivers/STM32L4xx_HAL_Driver/Src/stm32l4xx_hal_can.o
                0x0000000008001d48                HAL_CAN_TxMailbox1AbortCallback
 .text.HAL_CAN_TxMailbox2AbortCallback
                0x0000000008001d5c       0x14 Drivers/STM32L4xx_HAL_Driver/Src/stm32l4xx_hal_can.o
                0x0000000008001d5c                HAL_CAN_TxMailbox2AbortCallback
 .text.HAL_CAN_RxFifo0FullCallback
                0x0000000008001d70       0x14 Drivers/STM32L4xx_HAL_Driver/Src/stm32l4xx_hal_can.o
                0x0000000008001d70                HAL_CAN_RxFifo0FullCallback
 .text.HAL_CAN_RxFifo1MsgPendingCallback
                0x0000000008001d84       0x14 Drivers/STM32L4xx_HAL_Driver/Src/stm32l4xx_hal_can.o
                0x0000000008001d84                HAL_CAN_RxFifo1MsgPendingCallback
 .text.HAL_CAN_RxFifo1FullCallback
                0x0000000008001d98       0x14 Drivers/STM32L4xx_HAL_Driver/Src/stm32l4xx_hal_can.o
                0x0000000008001d98                HAL_CAN_RxFifo1FullCallback
 .text.HAL_CAN_SleepCallback
                0x0000000008001dac       0x14 Drivers/STM32L4xx_HAL_Driver/Src/stm32l4xx_hal_can.o
                0x0000000008001dac                HAL_CAN_SleepCallback
 .text.HAL_CAN_WakeUpFromRxMsgCallback
                0x0000000008001dc0       0x14 Drivers/STM32L4xx_HAL_Driver/Src/stm32l4xx_hal_can.o
                0x0000000008001dc0                HAL_CAN_WakeUpFromRxMsgCallback
 .text.HAL_CAN_ErrorCallback
                0x0000000008001dd4       0x14 Drivers/STM32L4xx_HAL_Driver/Src/stm32l4xx_hal_can.o
                0x0000000008001dd4                HAL_CAN_ErrorCallback
 .text.__NVIC_SetPriorityGrouping
                0x0000000008001de8       0x48 Drivers/STM32L4xx_HAL_Driver/Src/stm32l4xx_hal_cortex.o
 .text.__NVIC_GetPriorityGrouping
                0x0000000008001e30       0x1c Drivers/STM32L4xx_HAL_Driver/Src/stm32l4xx_hal_cortex.o
 .text.__NVIC_EnableIRQ
                0x0000000008001e4c       0x3c Drivers/STM32L4xx_HAL_Driver/Src/stm32l4xx_hal_cortex.o
 .text.__NVIC_SetPriority
                0x0000000008001e88       0x54 Drivers/STM32L4xx_HAL_Driver/Src/stm32l4xx_hal_cortex.o
 .text.NVIC_EncodePriority
                0x0000000008001edc       0x62 Drivers/STM32L4xx_HAL_Driver/Src/stm32l4xx_hal_cortex.o
 .text.HAL_NVIC_SetPriorityGrouping
                0x0000000008001f3e       0x16 Drivers/STM32L4xx_HAL_Driver/Src/stm32l4xx_hal_cortex.o
                0x0000000008001f3e                HAL_NVIC_SetPriorityGrouping
 .text.HAL_NVIC_SetPriority
                0x0000000008001f54       0x38 Drivers/STM32L4xx_HAL_Driver/Src/stm32l4xx_hal_cortex.o
                0x0000000008001f54                HAL_NVIC_SetPriority
 .text.HAL_NVIC_EnableIRQ
                0x0000000008001f8c       0x1c Drivers/STM32L4xx_HAL_Driver/Src/stm32l4xx_hal_cortex.o
                0x0000000008001f8c                HAL_NVIC_EnableIRQ
 .text.HAL_DMA_Init
                0x0000000008001fa8      0x170 Drivers/STM32L4xx_HAL_Driver/Src/stm32l4xx_hal_dma.o
                0x0000000008001fa8                HAL_DMA_Init
 .text.HAL_DMA_Start_IT
                0x0000000008002118       0xc0 Drivers/STM32L4xx_HAL_Driver/Src/stm32l4xx_hal_dma.o
                0x0000000008002118                HAL_DMA_Start_IT
 .text.HAL_DMA_Abort_IT
                0x00000000080021d8       0x82 Drivers/STM32L4xx_HAL_Driver/Src/stm32l4xx_hal_dma.o
                0x00000000080021d8                HAL_DMA_Abort_IT
 .text.HAL_DMA_IRQHandler
                0x000000000800225a      0x15e Drivers/STM32L4xx_HAL_Driver/Src/stm32l4xx_hal_dma.o
                0x000000000800225a                HAL_DMA_IRQHandler
 .text.DMA_SetConfig
                0x00000000080023b8       0x60 Drivers/STM32L4xx_HAL_Driver/Src/stm32l4xx_hal_dma.o
 .text.HAL_GPIO_Init
                0x0000000008002418      0x350 Drivers/STM32L4xx_HAL_Driver/Src/stm32l4xx_hal_gpio.o
                0x0000000008002418                HAL_GPIO_Init
 .text.HAL_GPIO_ReadPin
                0x0000000008002768       0x30 Drivers/STM32L4xx_HAL_Driver/Src/stm32l4xx_hal_gpio.o
                0x0000000008002768                HAL_GPIO_ReadPin
 .text.HAL_GPIO_WritePin
                0x0000000008002798       0x30 Drivers/STM32L4xx_HAL_Driver/Src/stm32l4xx_hal_gpio.o
                0x0000000008002798                HAL_GPIO_WritePin
 .text.HAL_PWREx_GetVoltageRange
                0x00000000080027c8       0x1c Drivers/STM32L4xx_HAL_Driver/Src/stm32l4xx_hal_pwr_ex.o
                0x00000000080027c8                HAL_PWREx_GetVoltageRange
 .text.HAL_PWREx_ControlVoltageScaling
                0x00000000080027e4       0xac Drivers/STM32L4xx_HAL_Driver/Src/stm32l4xx_hal_pwr_ex.o
                0x00000000080027e4                HAL_PWREx_ControlVoltageScaling
 .text.HAL_RCC_OscConfig
                0x0000000008002890      0x7cc Drivers/STM32L4xx_HAL_Driver/Src/stm32l4xx_hal_rcc.o
                0x0000000008002890                HAL_RCC_OscConfig
 .text.HAL_RCC_ClockConfig
                0x000000000800305c      0x1c4 Drivers/STM32L4xx_HAL_Driver/Src/stm32l4xx_hal_rcc.o
                0x000000000800305c                HAL_RCC_ClockConfig
 .text.HAL_RCC_GetSysClockFreq
                0x0000000008003220      0x114 Drivers/STM32L4xx_HAL_Driver/Src/stm32l4xx_hal_rcc.o
                0x0000000008003220                HAL_RCC_GetSysClockFreq
 .text.HAL_RCC_GetHCLKFreq
                0x0000000008003334       0x18 Drivers/STM32L4xx_HAL_Driver/Src/stm32l4xx_hal_rcc.o
                0x0000000008003334                HAL_RCC_GetHCLKFreq
 .text.HAL_RCC_GetPCLK1Freq
                0x000000000800334c       0x2c Drivers/STM32L4xx_HAL_Driver/Src/stm32l4xx_hal_rcc.o
                0x000000000800334c                HAL_RCC_GetPCLK1Freq
 .text.HAL_RCC_GetClockConfig
                0x0000000008003378       0x64 Drivers/STM32L4xx_HAL_Driver/Src/stm32l4xx_hal_rcc.o
                0x0000000008003378                HAL_RCC_GetClockConfig
 .text.RCC_SetFlashLatencyFromMSIRange
                0x00000000080033dc       0xc0 Drivers/STM32L4xx_HAL_Driver/Src/stm32l4xx_hal_rcc.o
 .text.HAL_TIM_Base_Init
                0x000000000800349c       0xae Drivers/STM32L4xx_HAL_Driver/Src/stm32l4xx_hal_tim.o
                0x000000000800349c                HAL_TIM_Base_Init
 *fill*         0x000000000800354a        0x2 
 .text.HAL_TIM_Base_Start_IT
                0x000000000800354c       0xe0 Drivers/STM32L4xx_HAL_Driver/Src/stm32l4xx_hal_tim.o
                0x000000000800354c                HAL_TIM_Base_Start_IT
 .text.HAL_TIM_PWM_Init
                0x000000000800362c       0xae Drivers/STM32L4xx_HAL_Driver/Src/stm32l4xx_hal_tim.o
                0x000000000800362c                HAL_TIM_PWM_Init
 .text.HAL_TIM_PWM_MspInit
                0x00000000080036da       0x14 Drivers/STM32L4xx_HAL_Driver/Src/stm32l4xx_hal_tim.o
                0x00000000080036da                HAL_TIM_PWM_MspInit
 *fill*         0x00000000080036ee        0x2 
 .text.HAL_TIM_PWM_Start_DMA
                0x00000000080036f0      0x430 Drivers/STM32L4xx_HAL_Driver/Src/stm32l4xx_hal_tim.o
                0x00000000080036f0                HAL_TIM_PWM_Start_DMA
 .text.HAL_TIM_PWM_Stop_DMA
                0x0000000008003b20      0x1e0 Drivers/STM32L4xx_HAL_Driver/Src/stm32l4xx_hal_tim.o
                0x0000000008003b20                HAL_TIM_PWM_Stop_DMA
 .text.HAL_TIM_IRQHandler
                0x0000000008003d00      0x23e Drivers/STM32L4xx_HAL_Driver/Src/stm32l4xx_hal_tim.o
                0x0000000008003d00                HAL_TIM_IRQHandler
 *fill*         0x0000000008003f3e        0x2 
 .text.HAL_TIM_PWM_ConfigChannel
                0x0000000008003f40      0x220 Drivers/STM32L4xx_HAL_Driver/Src/stm32l4xx_hal_tim.o
                0x0000000008003f40                HAL_TIM_PWM_ConfigChannel
 .text.HAL_TIM_ConfigClockSource
                0x0000000008004160      0x172 Drivers/STM32L4xx_HAL_Driver/Src/stm32l4xx_hal_tim.o
                0x0000000008004160                HAL_TIM_ConfigClockSource
 .text.HAL_TIM_OC_DelayElapsedCallback
                0x00000000080042d2       0x14 Drivers/STM32L4xx_HAL_Driver/Src/stm32l4xx_hal_tim.o
                0x00000000080042d2                HAL_TIM_OC_DelayElapsedCallback
 .text.HAL_TIM_IC_CaptureCallback
                0x00000000080042e6       0x14 Drivers/STM32L4xx_HAL_Driver/Src/stm32l4xx_hal_tim.o
                0x00000000080042e6                HAL_TIM_IC_CaptureCallback
 .text.HAL_TIM_PWM_PulseFinishedHalfCpltCallback
                0x00000000080042fa       0x14 Drivers/STM32L4xx_HAL_Driver/Src/stm32l4xx_hal_tim.o
                0x00000000080042fa                HAL_TIM_PWM_PulseFinishedHalfCpltCallback
 .text.HAL_TIM_TriggerCallback
                0x000000000800430e       0x14 Drivers/STM32L4xx_HAL_Driver/Src/stm32l4xx_hal_tim.o
                0x000000000800430e                HAL_TIM_TriggerCallback
 .text.HAL_TIM_ErrorCallback
                0x0000000008004322       0x14 Drivers/STM32L4xx_HAL_Driver/Src/stm32l4xx_hal_tim.o
                0x0000000008004322                HAL_TIM_ErrorCallback
 .text.TIM_DMAError
                0x0000000008004336       0x92 Drivers/STM32L4xx_HAL_Driver/Src/stm32l4xx_hal_tim.o
                0x0000000008004336                TIM_DMAError
 .text.TIM_DMADelayPulseCplt
                0x00000000080043c8       0xa8 Drivers/STM32L4xx_HAL_Driver/Src/stm32l4xx_hal_tim.o
 .text.TIM_DMADelayPulseHalfCplt
                0x0000000008004470       0x68 Drivers/STM32L4xx_HAL_Driver/Src/stm32l4xx_hal_tim.o
                0x0000000008004470                TIM_DMADelayPulseHalfCplt
 .text.TIM_Base_SetConfig
                0x00000000080044d8      0x134 Drivers/STM32L4xx_HAL_Driver/Src/stm32l4xx_hal_tim.o
                0x00000000080044d8                TIM_Base_SetConfig
 .text.TIM_OC1_SetConfig
                0x000000000800460c      0x120 Drivers/STM32L4xx_HAL_Driver/Src/stm32l4xx_hal_tim.o
 .text.TIM_OC2_SetConfig
                0x000000000800472c      0x114 Drivers/STM32L4xx_HAL_Driver/Src/stm32l4xx_hal_tim.o
                0x000000000800472c                TIM_OC2_SetConfig
 .text.TIM_OC3_SetConfig
                0x0000000008004840      0x110 Drivers/STM32L4xx_HAL_Driver/Src/stm32l4xx_hal_tim.o
 .text.TIM_OC4_SetConfig
                0x0000000008004950       0xd4 Drivers/STM32L4xx_HAL_Driver/Src/stm32l4xx_hal_tim.o
 .text.TIM_OC5_SetConfig
                0x0000000008004a24       0xc8 Drivers/STM32L4xx_HAL_Driver/Src/stm32l4xx_hal_tim.o
 .text.TIM_OC6_SetConfig
                0x0000000008004aec       0xcc Drivers/STM32L4xx_HAL_Driver/Src/stm32l4xx_hal_tim.o
 .text.TIM_TI1_ConfigInputStage
                0x0000000008004bb8       0x5e Drivers/STM32L4xx_HAL_Driver/Src/stm32l4xx_hal_tim.o
 .text.TIM_TI2_ConfigInputStage
                0x0000000008004c16       0x60 Drivers/STM32L4xx_HAL_Driver/Src/stm32l4xx_hal_tim.o
 .text.TIM_ITRx_SetConfig
                0x0000000008004c76       0x36 Drivers/STM32L4xx_HAL_Driver/Src/stm32l4xx_hal_tim.o
 .text.TIM_ETR_SetConfig
                0x0000000008004cac       0x40 Drivers/STM32L4xx_HAL_Driver/Src/stm32l4xx_hal_tim.o
                0x0000000008004cac                TIM_ETR_SetConfig
 .text.TIM_CCxChannelCmd
                0x0000000008004cec       0x4a Drivers/STM32L4xx_HAL_Driver/Src/stm32l4xx_hal_tim.o
                0x0000000008004cec                TIM_CCxChannelCmd
 *fill*         0x0000000008004d36        0x2 
 .text.HAL_TIMEx_MasterConfigSynchronization
                0x0000000008004d38      0x110 Drivers/STM32L4xx_HAL_Driver/Src/stm32l4xx_hal_tim_ex.o
                0x0000000008004d38                HAL_TIMEx_MasterConfigSynchronization
 .text.HAL_TIMEx_ConfigBreakDeadTime
                0x0000000008004e48       0xfc Drivers/STM32L4xx_HAL_Driver/Src/stm32l4xx_hal_tim_ex.o
                0x0000000008004e48                HAL_TIMEx_ConfigBreakDeadTime
 .text.HAL_TIMEx_CommutCallback
                0x0000000008004f44       0x14 Drivers/STM32L4xx_HAL_Driver/Src/stm32l4xx_hal_tim_ex.o
                0x0000000008004f44                HAL_TIMEx_CommutCallback
 .text.HAL_TIMEx_BreakCallback
                0x0000000008004f58       0x14 Drivers/STM32L4xx_HAL_Driver/Src/stm32l4xx_hal_tim_ex.o
                0x0000000008004f58                HAL_TIMEx_BreakCallback
 .text.HAL_TIMEx_Break2Callback
                0x0000000008004f6c       0x14 Drivers/STM32L4xx_HAL_Driver/Src/stm32l4xx_hal_tim_ex.o
                0x0000000008004f6c                HAL_TIMEx_Break2Callback
 .text.makeFreeRtosPriority
                0x0000000008004f80       0x30 Middlewares/Third_Party/FreeRTOS/Source/CMSIS_RTOS/cmsis_os.o
 .text.osKernelStart
                0x0000000008004fb0        0xe Middlewares/Third_Party/FreeRTOS/Source/CMSIS_RTOS/cmsis_os.o
                0x0000000008004fb0                osKernelStart
 .text.osThreadCreate
                0x0000000008004fbe       0x98 Middlewares/Third_Party/FreeRTOS/Source/CMSIS_RTOS/cmsis_os.o
                0x0000000008004fbe                osThreadCreate
 .text.osDelay  0x0000000008005056       0x28 Middlewares/Third_Party/FreeRTOS/Source/CMSIS_RTOS/cmsis_os.o
                0x0000000008005056                osDelay
 .text.osMutexCreate
                0x000000000800507e       0x30 Middlewares/Third_Party/FreeRTOS/Source/CMSIS_RTOS/cmsis_os.o
                0x000000000800507e                osMutexCreate
 .text.vListInitialise
                0x00000000080050ae       0x40 Middlewares/Third_Party/FreeRTOS/Source/list.o
                0x00000000080050ae                vListInitialise
 .text.vListInitialiseItem
                0x00000000080050ee       0x1a Middlewares/Third_Party/FreeRTOS/Source/list.o
                0x00000000080050ee                vListInitialiseItem
 .text.vListInsertEnd
                0x0000000008005108       0x48 Middlewares/Third_Party/FreeRTOS/Source/list.o
                0x0000000008005108                vListInsertEnd
 .text.vListInsert
                0x0000000008005150       0x72 Middlewares/Third_Party/FreeRTOS/Source/list.o
                0x0000000008005150                vListInsert
 .text.uxListRemove
                0x00000000080051c2       0x54 Middlewares/Third_Party/FreeRTOS/Source/list.o
                0x00000000080051c2                uxListRemove
 *fill*         0x0000000008005216        0x2 
 .text.pxPortInitialiseStack
                0x0000000008005218       0x68 Middlewares/Third_Party/FreeRTOS/Source/portable/GCC/ARM_CM4F/port.o
                0x0000000008005218                pxPortInitialiseStack
 .text.prvTaskExitError
                0x0000000008005280       0x54 Middlewares/Third_Party/FreeRTOS/Source/portable/GCC/ARM_CM4F/port.o
 *fill*         0x00000000080052d4        0xc 
 .text.SVC_Handler
                0x00000000080052e0       0x28 Middlewares/Third_Party/FreeRTOS/Source/portable/GCC/ARM_CM4F/port.o
                0x00000000080052e0                SVC_Handler
 .text.prvPortStartFirstTask
                0x0000000008005308       0x28 Middlewares/Third_Party/FreeRTOS/Source/portable/GCC/ARM_CM4F/port.o
 .text.xPortStartScheduler
                0x0000000008005330      0x13c Middlewares/Third_Party/FreeRTOS/Source/portable/GCC/ARM_CM4F/port.o
                0x0000000008005330                xPortStartScheduler
 .text.vPortEnterCritical
                0x000000000800546c       0x5c Middlewares/Third_Party/FreeRTOS/Source/portable/GCC/ARM_CM4F/port.o
                0x000000000800546c                vPortEnterCritical
 .text.vPortExitCritical
                0x00000000080054c8       0x50 Middlewares/Third_Party/FreeRTOS/Source/portable/GCC/ARM_CM4F/port.o
                0x00000000080054c8                vPortExitCritical
 *fill*         0x0000000008005518        0x8 
 .text.PendSV_Handler
                0x0000000008005520       0x68 Middlewares/Third_Party/FreeRTOS/Source/portable/GCC/ARM_CM4F/port.o
                0x0000000008005520                PendSV_Handler
 .text.SysTick_Handler
                0x0000000008005588       0x40 Middlewares/Third_Party/FreeRTOS/Source/portable/GCC/ARM_CM4F/port.o
                0x0000000008005588                SysTick_Handler
 .text.vPortSetupTimerInterrupt
                0x00000000080055c8       0x48 Middlewares/Third_Party/FreeRTOS/Source/portable/GCC/ARM_CM4F/port.o
                0x00000000080055c8                vPortSetupTimerInterrupt
 .text.vPortEnableVFP
                0x0000000008005610       0x14 Middlewares/Third_Party/FreeRTOS/Source/portable/GCC/ARM_CM4F/port.o
 .text.pvPortMalloc
                0x0000000008005624      0x190 Middlewares/Third_Party/FreeRTOS/Source/portable/MemMang/heap_4.o
                0x0000000008005624                pvPortMalloc
 .text.vPortFree
                0x00000000080057b4       0xc0 Middlewares/Third_Party/FreeRTOS/Source/portable/MemMang/heap_4.o
                0x00000000080057b4                vPortFree
 .text.prvHeapInit
                0x0000000008005874       0xc4 Middlewares/Third_Party/FreeRTOS/Source/portable/MemMang/heap_4.o
 .text.prvInsertBlockIntoFreeList
                0x0000000008005938       0xb4 Middlewares/Third_Party/FreeRTOS/Source/portable/MemMang/heap_4.o
 .text.xQueueGenericReset
                0x00000000080059ec       0xd0 Middlewares/Third_Party/FreeRTOS/Source/queue.o
                0x00000000080059ec                xQueueGenericReset
 .text.xQueueGenericCreateStatic
                0x0000000008005abc       0xe6 Middlewares/Third_Party/FreeRTOS/Source/queue.o
                0x0000000008005abc                xQueueGenericCreateStatic
 .text.xQueueGenericCreate
                0x0000000008005ba2       0x72 Middlewares/Third_Party/FreeRTOS/Source/queue.o
                0x0000000008005ba2                xQueueGenericCreate
 .text.prvInitialiseNewQueue
                0x0000000008005c14       0x3e Middlewares/Third_Party/FreeRTOS/Source/queue.o
 .text.prvInitialiseMutex
                0x0000000008005c52       0x34 Middlewares/Third_Party/FreeRTOS/Source/queue.o
 .text.xQueueCreateMutex
                0x0000000008005c86       0x30 Middlewares/Third_Party/FreeRTOS/Source/queue.o
                0x0000000008005c86                xQueueCreateMutex
 .text.xQueueCreateMutexStatic
                0x0000000008005cb6       0x36 Middlewares/Third_Party/FreeRTOS/Source/queue.o
                0x0000000008005cb6                xQueueCreateMutexStatic
 .text.xQueueGenericSend
                0x0000000008005cec      0x1f4 Middlewares/Third_Party/FreeRTOS/Source/queue.o
                0x0000000008005cec                xQueueGenericSend
 .text.prvCopyDataToQueue
                0x0000000008005ee0       0xd4 Middlewares/Third_Party/FreeRTOS/Source/queue.o
 .text.prvUnlockQueue
                0x0000000008005fb4       0xa4 Middlewares/Third_Party/FreeRTOS/Source/queue.o
 .text.prvIsQueueFull
                0x0000000008006058       0x30 Middlewares/Third_Party/FreeRTOS/Source/queue.o
 .text.xTaskCreateStatic
                0x0000000008006088       0xb4 Middlewares/Third_Party/FreeRTOS/Source/tasks.o
                0x0000000008006088                xTaskCreateStatic
 .text.xTaskCreate
                0x000000000800613c       0x8a Middlewares/Third_Party/FreeRTOS/Source/tasks.o
                0x000000000800613c                xTaskCreate
 .text.prvInitialiseNewTask
                0x00000000080061c6      0x10c Middlewares/Third_Party/FreeRTOS/Source/tasks.o
 *fill*         0x00000000080062d2        0x2 
 .text.prvAddNewTaskToReadyList
                0x00000000080062d4       0xd4 Middlewares/Third_Party/FreeRTOS/Source/tasks.o
 .text.vTaskDelay
                0x00000000080063a8       0x68 Middlewares/Third_Party/FreeRTOS/Source/tasks.o
                0x00000000080063a8                vTaskDelay
 .text.vTaskStartScheduler
                0x0000000008006410       0xbc Middlewares/Third_Party/FreeRTOS/Source/tasks.o
                0x0000000008006410                vTaskStartScheduler
 .text.vTaskSuspendAll
                0x00000000080064cc       0x1c Middlewares/Third_Party/FreeRTOS/Source/tasks.o
                0x00000000080064cc                vTaskSuspendAll
 .text.xTaskResumeAll
                0x00000000080064e8      0x138 Middlewares/Third_Party/FreeRTOS/Source/tasks.o
                0x00000000080064e8                xTaskResumeAll
 .text.xTaskIncrementTick
                0x0000000008006620      0x170 Middlewares/Third_Party/FreeRTOS/Source/tasks.o
                0x0000000008006620                xTaskIncrementTick
 .text.vTaskSwitchContext
                0x0000000008006790       0xb4 Middlewares/Third_Party/FreeRTOS/Source/tasks.o
                0x0000000008006790                vTaskSwitchContext
 .text.vTaskPlaceOnEventList
                0x0000000008006844       0x48 Middlewares/Third_Party/FreeRTOS/Source/tasks.o
                0x0000000008006844                vTaskPlaceOnEventList
 .text.xTaskRemoveFromEventList
                0x000000000800688c       0xc4 Middlewares/Third_Party/FreeRTOS/Source/tasks.o
                0x000000000800688c                xTaskRemoveFromEventList
 .text.vTaskInternalSetTimeOutState
                0x0000000008006950       0x2c Middlewares/Third_Party/FreeRTOS/Source/tasks.o
                0x0000000008006950                vTaskInternalSetTimeOutState
 .text.xTaskCheckForTimeOut
                0x000000000800697c       0xc0 Middlewares/Third_Party/FreeRTOS/Source/tasks.o
                0x000000000800697c                xTaskCheckForTimeOut
 .text.vTaskMissedYield
                0x0000000008006a3c       0x18 Middlewares/Third_Party/FreeRTOS/Source/tasks.o
                0x0000000008006a3c                vTaskMissedYield
 .text.prvIdleTask
                0x0000000008006a54       0x30 Middlewares/Third_Party/FreeRTOS/Source/tasks.o
 .text.prvInitialiseTaskLists
                0x0000000008006a84       0x80 Middlewares/Third_Party/FreeRTOS/Source/tasks.o
 .text.prvCheckTasksWaitingTermination
                0x0000000008006b04       0x58 Middlewares/Third_Party/FreeRTOS/Source/tasks.o
 .text.prvDeleteTCB
                0x0000000008006b5c       0x5c Middlewares/Third_Party/FreeRTOS/Source/tasks.o
 .text.prvResetNextTaskUnblockTime
                0x0000000008006bb8       0x40 Middlewares/Third_Party/FreeRTOS/Source/tasks.o
 .text.xTaskGetSchedulerState
                0x0000000008006bf8       0x3c Middlewares/Third_Party/FreeRTOS/Source/tasks.o
                0x0000000008006bf8                xTaskGetSchedulerState
 .text.xTaskPriorityDisinherit
                0x0000000008006c34      0x108 Middlewares/Third_Party/FreeRTOS/Source/tasks.o
                0x0000000008006c34                xTaskPriorityDisinherit
 .text.prvAddCurrentTaskToDelayedList
                0x0000000008006d3c       0xcc Middlewares/Third_Party/FreeRTOS/Source/tasks.o
 .text.Reset_Handler
                0x0000000008006e08       0x50 startup/startup_stm32l476xx.o
                0x0000000008006e08                Reset_Handler
 .text.Default_Handler
                0x0000000008006e58        0x2 startup/startup_stm32l476xx.o
                0x0000000008006e58                RTC_Alarm_IRQHandler
                0x0000000008006e58                EXTI2_IRQHandler
                0x0000000008006e58                TIM8_TRG_COM_IRQHandler
                0x0000000008006e58                TIM8_CC_IRQHandler
                0x0000000008006e58                TIM1_CC_IRQHandler
                0x0000000008006e58                TSC_IRQHandler
                0x0000000008006e58                TAMP_STAMP_IRQHandler
                0x0000000008006e58                EXTI3_IRQHandler
                0x0000000008006e58                LPTIM2_IRQHandler
                0x0000000008006e58                DFSDM1_FLT1_IRQHandler
                0x0000000008006e58                I2C3_ER_IRQHandler
                0x0000000008006e58                DFSDM1_FLT2_IRQHandler
                0x0000000008006e58                EXTI0_IRQHandler
                0x0000000008006e58                I2C2_EV_IRQHandler
                0x0000000008006e58                FPU_IRQHandler
                0x0000000008006e58                TIM1_UP_TIM16_IRQHandler
                0x0000000008006e58                ADC1_2_IRQHandler
                0x0000000008006e58                SPI1_IRQHandler
                0x0000000008006e58                TIM8_UP_IRQHandler
                0x0000000008006e58                DMA2_Channel2_IRQHandler
                0x0000000008006e58                DMA1_Channel4_IRQHandler
                0x0000000008006e58                SAI2_IRQHandler
                0x0000000008006e58                DFSDM1_FLT3_IRQHandler
                0x0000000008006e58                USART3_IRQHandler
                0x0000000008006e58                DMA1_Channel7_IRQHandler
                0x0000000008006e58                LCD_IRQHandler
                0x0000000008006e58                UART5_IRQHandler
                0x0000000008006e58                ADC3_IRQHandler
                0x0000000008006e58                TIM4_IRQHandler
                0x0000000008006e58                DMA2_Channel1_IRQHandler
                0x0000000008006e58                QUADSPI_IRQHandler
                0x0000000008006e58                I2C1_EV_IRQHandler
                0x0000000008006e58                DMA1_Channel6_IRQHandler
                0x0000000008006e58                UART4_IRQHandler
                0x0000000008006e58                DMA2_Channel4_IRQHandler
                0x0000000008006e58                TIM3_IRQHandler
                0x0000000008006e58                RCC_IRQHandler
                0x0000000008006e58                DMA1_Channel1_IRQHandler
                0x0000000008006e58                Default_Handler
                0x0000000008006e58                DMA2_Channel7_IRQHandler
                0x0000000008006e58                EXTI15_10_IRQHandler
                0x0000000008006e58                TIM7_IRQHandler
                0x0000000008006e58                SDMMC1_IRQHandler
                0x0000000008006e58                TIM5_IRQHandler
                0x0000000008006e58                I2C3_EV_IRQHandler
                0x0000000008006e58                EXTI9_5_IRQHandler
                0x0000000008006e58                RTC_WKUP_IRQHandler
                0x0000000008006e58                PVD_PVM_IRQHandler
                0x0000000008006e58                SPI2_IRQHandler
                0x0000000008006e58                CAN1_TX_IRQHandler
                0x0000000008006e58                DMA2_Channel5_IRQHandler
                0x0000000008006e58                DMA1_Channel5_IRQHandler
                0x0000000008006e58                EXTI4_IRQHandler
                0x0000000008006e58                RNG_IRQHandler
                0x0000000008006e58                TIM1_TRG_COM_TIM17_IRQHandler
                0x0000000008006e58                DMA1_Channel3_IRQHandler
                0x0000000008006e58                COMP_IRQHandler
                0x0000000008006e58                WWDG_IRQHandler
                0x0000000008006e58                LPUART1_IRQHandler
                0x0000000008006e58                DMA2_Channel6_IRQHandler
                0x0000000008006e58                TIM2_IRQHandler
                0x0000000008006e58                EXTI1_IRQHandler
                0x0000000008006e58                USART2_IRQHandler
                0x0000000008006e58                DFSDM1_FLT0_IRQHandler
                0x0000000008006e58                I2C2_ER_IRQHandler
                0x0000000008006e58                TIM8_BRK_IRQHandler
                0x0000000008006e58                CAN1_SCE_IRQHandler
                0x0000000008006e58                FLASH_IRQHandler
                0x0000000008006e58                USART1_IRQHandler
                0x0000000008006e58                OTG_FS_IRQHandler
                0x0000000008006e58                SPI3_IRQHandler
                0x0000000008006e58                I2C1_ER_IRQHandler
                0x0000000008006e58                FMC_IRQHandler
                0x0000000008006e58                SWPMI1_IRQHandler
                0x0000000008006e58                LPTIM1_IRQHandler
                0x0000000008006e58                SAI1_IRQHandler
                0x0000000008006e58                DMA2_Channel3_IRQHandler
                0x0000000008006e58                TIM1_BRK_TIM15_IRQHandler
 *fill*         0x0000000008006e5a        0x2 
 .text.__libc_init_array
                0x0000000008006e5c       0x48 /opt/Atollic_TrueSTUDIO_for_STM32_x86_64_9.3.0/ARMTools/bin/../lib/gcc/arm-atollic-eabi/6.3.1/../../../../arm-atollic-eabi/lib/armv7e-m/fpu/libc_nano.a(lib_a-init.o)
                0x0000000008006e5c                __libc_init_array
 .text.memcpy   0x0000000008006ea4       0x16 /opt/Atollic_TrueSTUDIO_for_STM32_x86_64_9.3.0/ARMTools/bin/../lib/gcc/arm-atollic-eabi/6.3.1/../../../../arm-atollic-eabi/lib/armv7e-m/fpu/libc_nano.a(lib_a-memcpy-stub.o)
                0x0000000008006ea4                memcpy
 .text.memset   0x0000000008006eba       0x10 /opt/Atollic_TrueSTUDIO_for_STM32_x86_64_9.3.0/ARMTools/bin/../lib/gcc/arm-atollic-eabi/6.3.1/../../../../arm-atollic-eabi/lib/armv7e-m/fpu/libc_nano.a(lib_a-memset.o)
                0x0000000008006eba                memset
 *(.glue_7)
 .glue_7        0x0000000008006eca        0x0 linker stubs
 *(.glue_7t)
 .glue_7t       0x0000000008006eca        0x0 linker stubs
 *(.eh_frame)
 *fill*         0x0000000008006eca        0x2 
 .eh_frame      0x0000000008006ecc        0x0 /opt/Atollic_TrueSTUDIO_for_STM32_x86_64_9.3.0/ARMTools/bin/../lib/gcc/arm-atollic-eabi/6.3.1/armv7e-m/fpu/crtbegin.o
 *(.init)
 .init          0x0000000008006ecc        0x4 /opt/Atollic_TrueSTUDIO_for_STM32_x86_64_9.3.0/ARMTools/bin/../lib/gcc/arm-atollic-eabi/6.3.1/armv7e-m/fpu/crti.o
                0x0000000008006ecc                _init
 .init          0x0000000008006ed0        0x8 /opt/Atollic_TrueSTUDIO_for_STM32_x86_64_9.3.0/ARMTools/bin/../lib/gcc/arm-atollic-eabi/6.3.1/armv7e-m/fpu/crtn.o
 *(.fini)
 .fini          0x0000000008006ed8        0x4 /opt/Atollic_TrueSTUDIO_for_STM32_x86_64_9.3.0/ARMTools/bin/../lib/gcc/arm-atollic-eabi/6.3.1/armv7e-m/fpu/crti.o
                0x0000000008006ed8                _fini
 .fini          0x0000000008006edc        0x8 /opt/Atollic_TrueSTUDIO_for_STM32_x86_64_9.3.0/ARMTools/bin/../lib/gcc/arm-atollic-eabi/6.3.1/armv7e-m/fpu/crtn.o
                0x0000000008006ee4                . = ALIGN (0x4)
                0x0000000008006ee4                _etext = .

.vfp11_veneer   0x0000000008006ee4        0x0
 .vfp11_veneer  0x0000000008006ee4        0x0 linker stubs

.v4_bx          0x0000000008006ee4        0x0
 .v4_bx         0x0000000008006ee4        0x0 linker stubs

.iplt           0x0000000008006ee4        0x0
 .iplt          0x0000000008006ee4        0x0 /opt/Atollic_TrueSTUDIO_for_STM32_x86_64_9.3.0/ARMTools/bin/../lib/gcc/arm-atollic-eabi/6.3.1/armv7e-m/fpu/crtbegin.o

.rodata         0x0000000008006ee4       0xb8
                0x0000000008006ee4                . = ALIGN (0x4)
 *(.rodata)
 .rodata        0x0000000008006ee4       0x68 Core/Src/main.o
 .rodata        0x0000000008006f4c        0x5 Middlewares/Third_Party/FreeRTOS/Source/tasks.o
 *(.rodata*)
 *fill*         0x0000000008006f51        0x3 
 .rodata.AHBPrescTable
                0x0000000008006f54       0x10 Core/Src/system_stm32l4xx.o
                0x0000000008006f54                AHBPrescTable
 .rodata.APBPrescTable
                0x0000000008006f64        0x8 Core/Src/system_stm32l4xx.o
                0x0000000008006f64                APBPrescTable
 .rodata.MSIRangeTable
                0x0000000008006f6c       0x30 Core/Src/system_stm32l4xx.o
                0x0000000008006f6c                MSIRangeTable
                0x0000000008006f9c                . = ALIGN (0x4)

.rel.dyn        0x0000000008006f9c        0x0
 .rel.iplt      0x0000000008006f9c        0x0 /opt/Atollic_TrueSTUDIO_for_STM32_x86_64_9.3.0/ARMTools/bin/../lib/gcc/arm-atollic-eabi/6.3.1/armv7e-m/fpu/crtbegin.o

.ARM.extab
 *(.ARM.extab* .gnu.linkonce.armextab.*)

.ARM            0x0000000008006f9c        0x0
                0x0000000008006f9c                __exidx_start = .
 *(.ARM.exidx*)
                0x0000000008006f9c                __exidx_end = .

.preinit_array  0x0000000008006f9c        0x0
                0x0000000008006f9c                PROVIDE (__preinit_array_start, .)
 *(.preinit_array*)
                0x0000000008006f9c                PROVIDE (__preinit_array_end, .)

.init_array     0x0000000008006f9c        0x4
                0x0000000008006f9c                PROVIDE (__init_array_start, .)
 *(SORT(.init_array.*))
 *(.init_array*)
 .init_array    0x0000000008006f9c        0x4 /opt/Atollic_TrueSTUDIO_for_STM32_x86_64_9.3.0/ARMTools/bin/../lib/gcc/arm-atollic-eabi/6.3.1/armv7e-m/fpu/crtbegin.o
                0x0000000008006fa0                PROVIDE (__init_array_end, .)

.fini_array     0x0000000008006fa0        0x4
                [!provide]                        PROVIDE (__fini_array_start, .)
 *(SORT(.fini_array.*))
 *(.fini_array*)
 .fini_array    0x0000000008006fa0        0x4 /opt/Atollic_TrueSTUDIO_for_STM32_x86_64_9.3.0/ARMTools/bin/../lib/gcc/arm-atollic-eabi/6.3.1/armv7e-m/fpu/crtbegin.o
                [!provide]                        PROVIDE (__fini_array_end, .)
                0x0000000008006fa4                _sidata = LOADADDR (.data)

.data           0x0000000020000000       0x74 load address 0x0000000008006fa4
                0x0000000020000000                . = ALIGN (0x4)
                0x0000000020000000                _sdata = .
 *(.data)
 *(.data*)
 .data.CAN_ID   0x0000000020000000        0x2 Core/Src/main.o
                0x0000000020000000                CAN_ID
 *fill*         0x0000000020000002        0x2 
 .data.ledcolor_table
                0x0000000020000004       0x60 Core/Src/main.o
                0x0000000020000004                ledcolor_table
 .data.SystemCoreClock
                0x0000000020000064        0x4 Core/Src/system_stm32l4xx.o
                0x0000000020000064                SystemCoreClock
 .data.uwTickPrio
                0x0000000020000068        0x4 Drivers/STM32L4xx_HAL_Driver/Src/stm32l4xx_hal.o
                0x0000000020000068                uwTickPrio
 .data.uwTickFreq
                0x000000002000006c        0x1 Drivers/STM32L4xx_HAL_Driver/Src/stm32l4xx_hal.o
                0x000000002000006c                uwTickFreq
 *fill*         0x000000002000006d        0x3 
 .data.uxCriticalNesting
                0x0000000020000070        0x4 Middlewares/Third_Party/FreeRTOS/Source/portable/GCC/ARM_CM4F/port.o
                0x0000000020000074                . = ALIGN (0x4)
                0x0000000020000074                _edata = .

.igot.plt       0x0000000020000074        0x0 load address 0x0000000008007018
 .igot.plt      0x0000000020000074        0x0 /opt/Atollic_TrueSTUDIO_for_STM32_x86_64_9.3.0/ARMTools/bin/../lib/gcc/arm-atollic-eabi/6.3.1/armv7e-m/fpu/crtbegin.o
                0x0000000020000074                . = ALIGN (0x4)

.bss            0x0000000020000074     0x1ca4 load address 0x0000000008007018
                0x0000000020000074                _sbss = .
                0x0000000020000074                __bss_start__ = _sbss
 *(.bss)
 .bss           0x0000000020000074       0x1c /opt/Atollic_TrueSTUDIO_for_STM32_x86_64_9.3.0/ARMTools/bin/../lib/gcc/arm-atollic-eabi/6.3.1/armv7e-m/fpu/crtbegin.o
 *(.bss*)
 .bss.xIdleTaskTCBBuffer
                0x0000000020000090       0x54 Core/Src/freertos.o
 .bss.xIdleStack
                0x00000000200000e4      0x200 Core/Src/freertos.o
 .bss.CAN_Neopixel
                0x00000000200002e4        0x4 Core/Src/main.o
                0x00000000200002e4                CAN_Neopixel
 .bss.CAN_Motor
                0x00000000200002e8        0x4 Core/Src/main.o
                0x00000000200002e8                CAN_Motor
 .bss.datasentflag
                0x00000000200002ec        0x4 Core/Src/main.o
                0x00000000200002ec                datasentflag
 .bss.ledcolor  0x00000000200002f0        0x4 Core/Src/main.o
                0x00000000200002f0                ledcolor
 .bss.ledcolor_buffer
                0x00000000200002f4        0x4 Core/Src/main.o
                0x00000000200002f4                ledcolor_buffer
 .bss.ledmode   0x00000000200002f8        0x4 Core/Src/main.o
                0x00000000200002f8                ledmode
 .bss.ucMaxSysCallPriority
                0x00000000200002fc        0x1 Middlewares/Third_Party/FreeRTOS/Source/portable/GCC/ARM_CM4F/port.o
 *fill*         0x00000000200002fd        0x3 
 .bss.ulMaxPRIGROUPValue
                0x0000000020000300        0x4 Middlewares/Third_Party/FreeRTOS/Source/portable/GCC/ARM_CM4F/port.o
 .bss.ucHeap    0x0000000020000304      0xbb8 Middlewares/Third_Party/FreeRTOS/Source/portable/MemMang/heap_4.o
 .bss.xStart    0x0000000020000ebc        0x8 Middlewares/Third_Party/FreeRTOS/Source/portable/MemMang/heap_4.o
 .bss.pxEnd     0x0000000020000ec4        0x4 Middlewares/Third_Party/FreeRTOS/Source/portable/MemMang/heap_4.o
 .bss.xFreeBytesRemaining
                0x0000000020000ec8        0x4 Middlewares/Third_Party/FreeRTOS/Source/portable/MemMang/heap_4.o
 .bss.xMinimumEverFreeBytesRemaining
                0x0000000020000ecc        0x4 Middlewares/Third_Party/FreeRTOS/Source/portable/MemMang/heap_4.o
 .bss.xNumberOfSuccessfulAllocations
                0x0000000020000ed0        0x4 Middlewares/Third_Party/FreeRTOS/Source/portable/MemMang/heap_4.o
 .bss.xNumberOfSuccessfulFrees
                0x0000000020000ed4        0x4 Middlewares/Third_Party/FreeRTOS/Source/portable/MemMang/heap_4.o
 .bss.xBlockAllocatedBit
                0x0000000020000ed8        0x4 Middlewares/Third_Party/FreeRTOS/Source/portable/MemMang/heap_4.o
 .bss.pxCurrentTCB
                0x0000000020000edc        0x4 Middlewares/Third_Party/FreeRTOS/Source/tasks.o
                0x0000000020000edc                pxCurrentTCB
 .bss.pxReadyTasksLists
                0x0000000020000ee0       0x8c Middlewares/Third_Party/FreeRTOS/Source/tasks.o
 .bss.xDelayedTaskList1
                0x0000000020000f6c       0x14 Middlewares/Third_Party/FreeRTOS/Source/tasks.o
 .bss.xDelayedTaskList2
                0x0000000020000f80       0x14 Middlewares/Third_Party/FreeRTOS/Source/tasks.o
 .bss.pxDelayedTaskList
                0x0000000020000f94        0x4 Middlewares/Third_Party/FreeRTOS/Source/tasks.o
 .bss.pxOverflowDelayedTaskList
                0x0000000020000f98        0x4 Middlewares/Third_Party/FreeRTOS/Source/tasks.o
 .bss.xPendingReadyList
                0x0000000020000f9c       0x14 Middlewares/Third_Party/FreeRTOS/Source/tasks.o
 .bss.xTasksWaitingTermination
                0x0000000020000fb0       0x14 Middlewares/Third_Party/FreeRTOS/Source/tasks.o
 .bss.uxDeletedTasksWaitingCleanUp
                0x0000000020000fc4        0x4 Middlewares/Third_Party/FreeRTOS/Source/tasks.o
 .bss.xSuspendedTaskList
                0x0000000020000fc8       0x14 Middlewares/Third_Party/FreeRTOS/Source/tasks.o
 .bss.uxCurrentNumberOfTasks
                0x0000000020000fdc        0x4 Middlewares/Third_Party/FreeRTOS/Source/tasks.o
 .bss.xTickCount
                0x0000000020000fe0        0x4 Middlewares/Third_Party/FreeRTOS/Source/tasks.o
 .bss.uxTopReadyPriority
                0x0000000020000fe4        0x4 Middlewares/Third_Party/FreeRTOS/Source/tasks.o
 .bss.xSchedulerRunning
                0x0000000020000fe8        0x4 Middlewares/Third_Party/FreeRTOS/Source/tasks.o
 .bss.xPendedTicks
                0x0000000020000fec        0x4 Middlewares/Third_Party/FreeRTOS/Source/tasks.o
 .bss.xYieldPending
                0x0000000020000ff0        0x4 Middlewares/Third_Party/FreeRTOS/Source/tasks.o
 .bss.xNumOfOverflows
                0x0000000020000ff4        0x4 Middlewares/Third_Party/FreeRTOS/Source/tasks.o
 .bss.uxTaskNumber
                0x0000000020000ff8        0x4 Middlewares/Third_Party/FreeRTOS/Source/tasks.o
 .bss.xNextTaskUnblockTime
                0x0000000020000ffc        0x4 Middlewares/Third_Party/FreeRTOS/Source/tasks.o
 .bss.xIdleTaskHandle
                0x0000000020001000        0x4 Middlewares/Third_Party/FreeRTOS/Source/tasks.o
 .bss.uxSchedulerSuspended
                0x0000000020001004        0x4 Middlewares/Third_Party/FreeRTOS/Source/tasks.o
 *(COMMON)
 COMMON         0x0000000020001008      0xcc0 Core/Src/main.o
                0x0000000020001008                hdma_tim1_ch1
                0x0000000020001050                defaultTaskHandle
                0x0000000020001054                LPTHandle
                0x0000000020001058                LED_Data
                0x000000002000111c                LED_Mod
                0x00000000200011e0                pwmData
                0x0000000020001c04                TxData
                0x0000000020001c0c                htim1
                0x0000000020001c58                HPTHandle
                0x0000000020001c5c                TxMailbox
                0x0000000020001c60                RxData
                0x0000000020001c68                hcan1
                0x0000000020001c90                TxHeader
                0x0000000020001ca8                SimpMUTEXHandle
                0x0000000020001cac                RxHeader
 COMMON         0x0000000020001cc8       0x4c Core/Src/stm32l4xx_hal_timebase_tim.o
                0x0000000020001cc8                htim6
 COMMON         0x0000000020001d14        0x4 Drivers/STM32L4xx_HAL_Driver/Src/stm32l4xx_hal.o
                0x0000000020001d14                uwTick
                0x0000000020001d18                . = ALIGN (0x4)
                0x0000000020001d18                _ebss = .
                0x0000000020001d18                __bss_end__ = _ebss

._user_heap_stack
                0x0000000020001d18      0x600 load address 0x0000000008007018
                0x0000000020001d18                . = ALIGN (0x4)
                0x0000000020001d18                PROVIDE (end, .)
                [!provide]                        PROVIDE (_end, .)
                0x0000000020001f18                . = (. + _Min_Heap_Size)
 *fill*         0x0000000020001d18      0x200 
                0x0000000020002318                . = (. + _Min_Stack_Size)
 *fill*         0x0000000020001f18      0x400 
                0x0000000020002318                . = ALIGN (0x4)

/DISCARD/
 libc.a(*)
 libm.a(*)
 libgcc.a(*)

.ARM.attributes
                0x0000000000000000       0x30
 *(.ARM.attributes)
 .ARM.attributes
                0x0000000000000000       0x22 /opt/Atollic_TrueSTUDIO_for_STM32_x86_64_9.3.0/ARMTools/bin/../lib/gcc/arm-atollic-eabi/6.3.1/armv7e-m/fpu/crti.o
 .ARM.attributes
                0x0000000000000022       0x34 /opt/Atollic_TrueSTUDIO_for_STM32_x86_64_9.3.0/ARMTools/bin/../lib/gcc/arm-atollic-eabi/6.3.1/armv7e-m/fpu/crtbegin.o
 .ARM.attributes
                0x0000000000000056       0x39 Core/Src/freertos.o
 .ARM.attributes
                0x000000000000008f       0x39 Core/Src/main.o
 .ARM.attributes
                0x00000000000000c8       0x39 Core/Src/stm32l4xx_hal_msp.o
 .ARM.attributes
                0x0000000000000101       0x39 Core/Src/stm32l4xx_hal_timebase_tim.o
 .ARM.attributes
                0x000000000000013a       0x39 Core/Src/stm32l4xx_it.o
 .ARM.attributes
                0x0000000000000173       0x39 Core/Src/system_stm32l4xx.o
 .ARM.attributes
                0x00000000000001ac       0x39 Drivers/STM32L4xx_HAL_Driver/Src/stm32l4xx_hal.o
 .ARM.attributes
                0x00000000000001e5       0x39 Drivers/STM32L4xx_HAL_Driver/Src/stm32l4xx_hal_can.o
 .ARM.attributes
                0x000000000000021e       0x39 Drivers/STM32L4xx_HAL_Driver/Src/stm32l4xx_hal_cortex.o
 .ARM.attributes
                0x0000000000000257       0x39 Drivers/STM32L4xx_HAL_Driver/Src/stm32l4xx_hal_dma.o
 .ARM.attributes
                0x0000000000000290       0x39 Drivers/STM32L4xx_HAL_Driver/Src/stm32l4xx_hal_gpio.o
 .ARM.attributes
                0x00000000000002c9       0x39 Drivers/STM32L4xx_HAL_Driver/Src/stm32l4xx_hal_pwr_ex.o
 .ARM.attributes
                0x0000000000000302       0x39 Drivers/STM32L4xx_HAL_Driver/Src/stm32l4xx_hal_rcc.o
 .ARM.attributes
                0x000000000000033b       0x39 Drivers/STM32L4xx_HAL_Driver/Src/stm32l4xx_hal_tim.o
 .ARM.attributes
                0x0000000000000374       0x39 Drivers/STM32L4xx_HAL_Driver/Src/stm32l4xx_hal_tim_ex.o
 .ARM.attributes
                0x00000000000003ad       0x39 Middlewares/Third_Party/FreeRTOS/Source/CMSIS_RTOS/cmsis_os.o
 .ARM.attributes
                0x00000000000003e6       0x39 Middlewares/Third_Party/FreeRTOS/Source/list.o
 .ARM.attributes
                0x000000000000041f       0x39 Middlewares/Third_Party/FreeRTOS/Source/portable/GCC/ARM_CM4F/port.o
 .ARM.attributes
                0x0000000000000458       0x39 Middlewares/Third_Party/FreeRTOS/Source/portable/MemMang/heap_4.o
 .ARM.attributes
                0x0000000000000491       0x39 Middlewares/Third_Party/FreeRTOS/Source/queue.o
 .ARM.attributes
                0x00000000000004ca       0x39 Middlewares/Third_Party/FreeRTOS/Source/tasks.o
 .ARM.attributes
                0x0000000000000503       0x21 startup/startup_stm32l476xx.o
 .ARM.attributes
                0x0000000000000524       0x34 /opt/Atollic_TrueSTUDIO_for_STM32_x86_64_9.3.0/ARMTools/bin/../lib/gcc/arm-atollic-eabi/6.3.1/../../../../arm-atollic-eabi/lib/armv7e-m/fpu/libc_nano.a(lib_a-init.o)
 .ARM.attributes
                0x0000000000000558       0x34 /opt/Atollic_TrueSTUDIO_for_STM32_x86_64_9.3.0/ARMTools/bin/../lib/gcc/arm-atollic-eabi/6.3.1/../../../../arm-atollic-eabi/lib/armv7e-m/fpu/libc_nano.a(lib_a-memcpy-stub.o)
 .ARM.attributes
                0x000000000000058c       0x34 /opt/Atollic_TrueSTUDIO_for_STM32_x86_64_9.3.0/ARMTools/bin/../lib/gcc/arm-atollic-eabi/6.3.1/../../../../arm-atollic-eabi/lib/armv7e-m/fpu/libc_nano.a(lib_a-memset.o)
 .ARM.attributes
                0x00000000000005c0       0x22 /opt/Atollic_TrueSTUDIO_for_STM32_x86_64_9.3.0/ARMTools/bin/../lib/gcc/arm-atollic-eabi/6.3.1/armv7e-m/fpu/crtn.o
OUTPUT(MOTOR_2.elf elf32-littlearm)

.debug_info     0x0000000000000000    0x17a06
 .debug_info    0x0000000000000000      0x482 Core/Src/freertos.o
 .debug_info    0x0000000000000482     0x280e Core/Src/main.o
 .debug_info    0x0000000000002c90     0x12bd Core/Src/stm32l4xx_hal_msp.o
 .debug_info    0x0000000000003f4d      0xd69 Core/Src/stm32l4xx_hal_timebase_tim.o
 .debug_info    0x0000000000004cb6      0xc86 Core/Src/stm32l4xx_it.o
 .debug_info    0x000000000000593c      0x70c Core/Src/system_stm32l4xx.o
 .debug_info    0x0000000000006048      0xc1d Drivers/STM32L4xx_HAL_Driver/Src/stm32l4xx_hal.o
 .debug_info    0x0000000000006c65     0x1129 Drivers/STM32L4xx_HAL_Driver/Src/stm32l4xx_hal_can.o
 .debug_info    0x0000000000007d8e      0xf6a Drivers/STM32L4xx_HAL_Driver/Src/stm32l4xx_hal_cortex.o
 .debug_info    0x0000000000008cf8      0x8ed Drivers/STM32L4xx_HAL_Driver/Src/stm32l4xx_hal_dma.o
 .debug_info    0x00000000000095e5      0x9bf Drivers/STM32L4xx_HAL_Driver/Src/stm32l4xx_hal_gpio.o
 .debug_info    0x0000000000009fa4      0xb33 Drivers/STM32L4xx_HAL_Driver/Src/stm32l4xx_hal_pwr_ex.o
 .debug_info    0x000000000000aad7      0xd2c Drivers/STM32L4xx_HAL_Driver/Src/stm32l4xx_hal_rcc.o
 .debug_info    0x000000000000b803     0x2a3a Drivers/STM32L4xx_HAL_Driver/Src/stm32l4xx_hal_tim.o
 .debug_info    0x000000000000e23d     0x16b2 Drivers/STM32L4xx_HAL_Driver/Src/stm32l4xx_hal_tim_ex.o
 .debug_info    0x000000000000f8ef     0x1e7f Middlewares/Third_Party/FreeRTOS/Source/CMSIS_RTOS/cmsis_os.o
 .debug_info    0x000000000001176e      0xace Middlewares/Third_Party/FreeRTOS/Source/list.o
 .debug_info    0x000000000001223c      0x536 Middlewares/Third_Party/FreeRTOS/Source/portable/GCC/ARM_CM4F/port.o
 .debug_info    0x0000000000012772      0xcee Middlewares/Third_Party/FreeRTOS/Source/portable/MemMang/heap_4.o
 .debug_info    0x0000000000013460     0x1fe6 Middlewares/Third_Party/FreeRTOS/Source/queue.o
 .debug_info    0x0000000000015446     0x2549 Middlewares/Third_Party/FreeRTOS/Source/tasks.o
 .debug_info    0x000000000001798f       0x77 startup/startup_stm32l476xx.o

.debug_abbrev   0x0000000000000000     0x2e15
 .debug_abbrev  0x0000000000000000      0x120 Core/Src/freertos.o
 .debug_abbrev  0x0000000000000120      0x338 Core/Src/main.o
 .debug_abbrev  0x0000000000000458      0x1ca Core/Src/stm32l4xx_hal_msp.o
 .debug_abbrev  0x0000000000000622      0x196 Core/Src/stm32l4xx_hal_timebase_tim.o
 .debug_abbrev  0x00000000000007b8      0x18d Core/Src/stm32l4xx_it.o
 .debug_abbrev  0x0000000000000945      0x142 Core/Src/system_stm32l4xx.o
 .debug_abbrev  0x0000000000000a87      0x1f6 Drivers/STM32L4xx_HAL_Driver/Src/stm32l4xx_hal.o
 .debug_abbrev  0x0000000000000c7d      0x249 Drivers/STM32L4xx_HAL_Driver/Src/stm32l4xx_hal_can.o
 .debug_abbrev  0x0000000000000ec6      0x2f5 Drivers/STM32L4xx_HAL_Driver/Src/stm32l4xx_hal_cortex.o
 .debug_abbrev  0x00000000000011bb      0x1d4 Drivers/STM32L4xx_HAL_Driver/Src/stm32l4xx_hal_dma.o
 .debug_abbrev  0x000000000000138f      0x1bb Drivers/STM32L4xx_HAL_Driver/Src/stm32l4xx_hal_gpio.o
 .debug_abbrev  0x000000000000154a      0x1c6 Drivers/STM32L4xx_HAL_Driver/Src/stm32l4xx_hal_pwr_ex.o
 .debug_abbrev  0x0000000000001710      0x240 Drivers/STM32L4xx_HAL_Driver/Src/stm32l4xx_hal_rcc.o
 .debug_abbrev  0x0000000000001950      0x229 Drivers/STM32L4xx_HAL_Driver/Src/stm32l4xx_hal_tim.o
 .debug_abbrev  0x0000000000001b79      0x22f Drivers/STM32L4xx_HAL_Driver/Src/stm32l4xx_hal_tim_ex.o
 .debug_abbrev  0x0000000000001da8      0x381 Middlewares/Third_Party/FreeRTOS/Source/CMSIS_RTOS/cmsis_os.o
 .debug_abbrev  0x0000000000002129      0x1cc Middlewares/Third_Party/FreeRTOS/Source/list.o
 .debug_abbrev  0x00000000000022f5      0x20d Middlewares/Third_Party/FreeRTOS/Source/portable/GCC/ARM_CM4F/port.o
 .debug_abbrev  0x0000000000002502      0x29b Middlewares/Third_Party/FreeRTOS/Source/portable/MemMang/heap_4.o
 .debug_abbrev  0x000000000000279d      0x333 Middlewares/Third_Party/FreeRTOS/Source/queue.o
 .debug_abbrev  0x0000000000002ad0      0x333 Middlewares/Third_Party/FreeRTOS/Source/tasks.o
 .debug_abbrev  0x0000000000002e03       0x12 startup/startup_stm32l476xx.o

.debug_aranges  0x0000000000000000     0x1330
 .debug_aranges
                0x0000000000000000       0x20 Core/Src/freertos.o
 .debug_aranges
                0x0000000000000020       0xa0 Core/Src/main.o
 .debug_aranges
                0x00000000000000c0       0x48 Core/Src/stm32l4xx_hal_msp.o
 .debug_aranges
                0x0000000000000108       0x30 Core/Src/stm32l4xx_hal_timebase_tim.o
 .debug_aranges
                0x0000000000000138       0x68 Core/Src/stm32l4xx_it.o
 .debug_aranges
                0x00000000000001a0       0x28 Core/Src/system_stm32l4xx.o
 .debug_aranges
                0x00000000000001c8      0x130 Drivers/STM32L4xx_HAL_Driver/Src/stm32l4xx_hal.o
 .debug_aranges
                0x00000000000002f8      0x138 Drivers/STM32L4xx_HAL_Driver/Src/stm32l4xx_hal_can.o
 .debug_aranges
                0x0000000000000430      0x118 Drivers/STM32L4xx_HAL_Driver/Src/stm32l4xx_hal_cortex.o
 .debug_aranges
                0x0000000000000548       0x80 Drivers/STM32L4xx_HAL_Driver/Src/stm32l4xx_hal_dma.o
 .debug_aranges
                0x00000000000005c8       0x58 Drivers/STM32L4xx_HAL_Driver/Src/stm32l4xx_hal_gpio.o
 .debug_aranges
                0x0000000000000620      0x150 Drivers/STM32L4xx_HAL_Driver/Src/stm32l4xx_hal_pwr_ex.o
 .debug_aranges
                0x0000000000000770       0x88 Drivers/STM32L4xx_HAL_Driver/Src/stm32l4xx_hal_rcc.o
 .debug_aranges
                0x00000000000007f8      0x3e0 Drivers/STM32L4xx_HAL_Driver/Src/stm32l4xx_hal_tim.o
 .debug_aranges
                0x0000000000000bd8      0x180 Drivers/STM32L4xx_HAL_Driver/Src/stm32l4xx_hal_tim_ex.o
 .debug_aranges
                0x0000000000000d58      0x1d8 Middlewares/Third_Party/FreeRTOS/Source/CMSIS_RTOS/cmsis_os.o
 .debug_aranges
                0x0000000000000f30       0x40 Middlewares/Third_Party/FreeRTOS/Source/list.o
 .debug_aranges
                0x0000000000000f70       0x80 Middlewares/Third_Party/FreeRTOS/Source/portable/GCC/ARM_CM4F/port.o
 .debug_aranges
                0x0000000000000ff0       0x58 Middlewares/Third_Party/FreeRTOS/Source/portable/MemMang/heap_4.o
 .debug_aranges
                0x0000000000001048      0x108 Middlewares/Third_Party/FreeRTOS/Source/queue.o
 .debug_aranges
                0x0000000000001150      0x1b8 Middlewares/Third_Party/FreeRTOS/Source/tasks.o
 .debug_aranges
                0x0000000000001308       0x28 startup/startup_stm32l476xx.o

.debug_ranges   0x0000000000000000     0x11d8
 .debug_ranges  0x0000000000000000       0x10 Core/Src/freertos.o
 .debug_ranges  0x0000000000000010       0x90 Core/Src/main.o
 .debug_ranges  0x00000000000000a0       0x38 Core/Src/stm32l4xx_hal_msp.o
 .debug_ranges  0x00000000000000d8       0x20 Core/Src/stm32l4xx_hal_timebase_tim.o
 .debug_ranges  0x00000000000000f8       0x58 Core/Src/stm32l4xx_it.o
 .debug_ranges  0x0000000000000150       0x18 Core/Src/system_stm32l4xx.o
 .debug_ranges  0x0000000000000168      0x120 Drivers/STM32L4xx_HAL_Driver/Src/stm32l4xx_hal.o
 .debug_ranges  0x0000000000000288      0x128 Drivers/STM32L4xx_HAL_Driver/Src/stm32l4xx_hal_can.o
 .debug_ranges  0x00000000000003b0      0x108 Drivers/STM32L4xx_HAL_Driver/Src/stm32l4xx_hal_cortex.o
 .debug_ranges  0x00000000000004b8       0x70 Drivers/STM32L4xx_HAL_Driver/Src/stm32l4xx_hal_dma.o
 .debug_ranges  0x0000000000000528       0x48 Drivers/STM32L4xx_HAL_Driver/Src/stm32l4xx_hal_gpio.o
 .debug_ranges  0x0000000000000570      0x140 Drivers/STM32L4xx_HAL_Driver/Src/stm32l4xx_hal_pwr_ex.o
 .debug_ranges  0x00000000000006b0       0x78 Drivers/STM32L4xx_HAL_Driver/Src/stm32l4xx_hal_rcc.o
 .debug_ranges  0x0000000000000728      0x3d0 Drivers/STM32L4xx_HAL_Driver/Src/stm32l4xx_hal_tim.o
 .debug_ranges  0x0000000000000af8      0x170 Drivers/STM32L4xx_HAL_Driver/Src/stm32l4xx_hal_tim_ex.o
 .debug_ranges  0x0000000000000c68      0x1c8 Middlewares/Third_Party/FreeRTOS/Source/CMSIS_RTOS/cmsis_os.o
 .debug_ranges  0x0000000000000e30       0x30 Middlewares/Third_Party/FreeRTOS/Source/list.o
 .debug_ranges  0x0000000000000e60       0x70 Middlewares/Third_Party/FreeRTOS/Source/portable/GCC/ARM_CM4F/port.o
 .debug_ranges  0x0000000000000ed0       0x48 Middlewares/Third_Party/FreeRTOS/Source/portable/MemMang/heap_4.o
 .debug_ranges  0x0000000000000f18       0xf8 Middlewares/Third_Party/FreeRTOS/Source/queue.o
 .debug_ranges  0x0000000000001010      0x1a8 Middlewares/Third_Party/FreeRTOS/Source/tasks.o
 .debug_ranges  0x00000000000011b8       0x20 startup/startup_stm32l476xx.o

.debug_line     0x0000000000000000     0x9a64
 .debug_line    0x0000000000000000      0x29b Core/Src/freertos.o
 .debug_line    0x000000000000029b      0x750 Core/Src/main.o
 .debug_line    0x00000000000009eb      0x2f3 Core/Src/stm32l4xx_hal_msp.o
 .debug_line    0x0000000000000cde      0x287 Core/Src/stm32l4xx_hal_timebase_tim.o
 .debug_line    0x0000000000000f65      0x302 Core/Src/stm32l4xx_it.o
 .debug_line    0x0000000000001267      0x237 Core/Src/system_stm32l4xx.o
 .debug_line    0x000000000000149e      0x4af Drivers/STM32L4xx_HAL_Driver/Src/stm32l4xx_hal.o
 .debug_line    0x000000000000194d      0x6f0 Drivers/STM32L4xx_HAL_Driver/Src/stm32l4xx_hal_can.o
 .debug_line    0x000000000000203d      0x56d Drivers/STM32L4xx_HAL_Driver/Src/stm32l4xx_hal_cortex.o
 .debug_line    0x00000000000025aa      0x449 Drivers/STM32L4xx_HAL_Driver/Src/stm32l4xx_hal_dma.o
 .debug_line    0x00000000000029f3      0x3e2 Drivers/STM32L4xx_HAL_Driver/Src/stm32l4xx_hal_gpio.o
 .debug_line    0x0000000000002dd5      0x5dd Drivers/STM32L4xx_HAL_Driver/Src/stm32l4xx_hal_pwr_ex.o
 .debug_line    0x00000000000033b2      0x564 Drivers/STM32L4xx_HAL_Driver/Src/stm32l4xx_hal_rcc.o
 .debug_line    0x0000000000003916     0x2308 Drivers/STM32L4xx_HAL_Driver/Src/stm32l4xx_hal_tim.o
 .debug_line    0x0000000000005c1e      0xf0a Drivers/STM32L4xx_HAL_Driver/Src/stm32l4xx_hal_tim_ex.o
 .debug_line    0x0000000000006b28      0x924 Middlewares/Third_Party/FreeRTOS/Source/CMSIS_RTOS/cmsis_os.o
 .debug_line    0x000000000000744c      0x33b Middlewares/Third_Party/FreeRTOS/Source/list.o
 .debug_line    0x0000000000007787      0x3c9 Middlewares/Third_Party/FreeRTOS/Source/portable/GCC/ARM_CM4F/port.o
 .debug_line    0x0000000000007b50      0x444 Middlewares/Third_Party/FreeRTOS/Source/portable/MemMang/heap_4.o
 .debug_line    0x0000000000007f94      0xc20 Middlewares/Third_Party/FreeRTOS/Source/queue.o
 .debug_line    0x0000000000008bb4      0xe30 Middlewares/Third_Party/FreeRTOS/Source/tasks.o
 .debug_line    0x00000000000099e4       0x80 startup/startup_stm32l476xx.o

.debug_str      0x0000000000000000     0x6b92
 .debug_str     0x0000000000000000      0x50c Core/Src/freertos.o
                                        0x594 (size before relaxing)
 .debug_str     0x000000000000050c     0x1a49 Core/Src/main.o
                                       0x2071 (size before relaxing)
 .debug_str     0x0000000000001f55       0x98 Core/Src/stm32l4xx_hal_msp.o
                                       0x12a3 (size before relaxing)
 .debug_str     0x0000000000001fed       0xaa Core/Src/stm32l4xx_hal_timebase_tim.o
                                       0x1041 (size before relaxing)
 .debug_str     0x0000000000002097       0xd5 Core/Src/stm32l4xx_it.o
                                        0xc46 (size before relaxing)
 .debug_str     0x000000000000216c       0xb8 Core/Src/system_stm32l4xx.o
                                        0x624 (size before relaxing)
 .debug_str     0x0000000000002224      0x3bf Drivers/STM32L4xx_HAL_Driver/Src/stm32l4xx_hal.o
                                        0xeaf (size before relaxing)
 .debug_str     0x00000000000025e3      0x44d Drivers/STM32L4xx_HAL_Driver/Src/stm32l4xx_hal_can.o
                                        0xcc0 (size before relaxing)
 .debug_str     0x0000000000002a30      0x480 Drivers/STM32L4xx_HAL_Driver/Src/stm32l4xx_hal_cortex.o
                                        0xe93 (size before relaxing)
 .debug_str     0x0000000000002eb0      0x26c Drivers/STM32L4xx_HAL_Driver/Src/stm32l4xx_hal_dma.o
                                        0x897 (size before relaxing)
 .debug_str     0x000000000000311c      0x14f Drivers/STM32L4xx_HAL_Driver/Src/stm32l4xx_hal_gpio.o
                                        0x7d7 (size before relaxing)
 .debug_str     0x000000000000326b      0x546 Drivers/STM32L4xx_HAL_Driver/Src/stm32l4xx_hal_pwr_ex.o
                                        0xa75 (size before relaxing)
 .debug_str     0x00000000000037b1      0x23c Drivers/STM32L4xx_HAL_Driver/Src/stm32l4xx_hal_rcc.o
                                        0xa7e (size before relaxing)
 .debug_str     0x00000000000039ed      0xdd9 Drivers/STM32L4xx_HAL_Driver/Src/stm32l4xx_hal_tim.o
                                       0x18c0 (size before relaxing)
 .debug_str     0x00000000000047c6      0x5cd Drivers/STM32L4xx_HAL_Driver/Src/stm32l4xx_hal_tim_ex.o
                                       0x1192 (size before relaxing)
 .debug_str     0x0000000000004d93      0x7cf Middlewares/Third_Party/FreeRTOS/Source/CMSIS_RTOS/cmsis_os.o
                                       0x11a6 (size before relaxing)
 .debug_str     0x0000000000005562      0x143 Middlewares/Third_Party/FreeRTOS/Source/list.o
                                        0x74e (size before relaxing)
 .debug_str     0x00000000000056a5      0x23c Middlewares/Third_Party/FreeRTOS/Source/portable/GCC/ARM_CM4F/port.o
                                        0x46e (size before relaxing)
 .debug_str     0x00000000000058e1      0x2e9 Middlewares/Third_Party/FreeRTOS/Source/portable/MemMang/heap_4.o
                                        0x918 (size before relaxing)
 .debug_str     0x0000000000005bca      0x5c5 Middlewares/Third_Party/FreeRTOS/Source/queue.o
                                        0xe1d (size before relaxing)
 .debug_str     0x000000000000618f      0xa03 Middlewares/Third_Party/FreeRTOS/Source/tasks.o
                                       0x1366 (size before relaxing)

.comment        0x0000000000000000       0x7c
 .comment       0x0000000000000000       0x7c Core/Src/freertos.o
                                         0x7d (size before relaxing)
 .comment       0x000000000000007c       0x7d Core/Src/main.o
 .comment       0x000000000000007c       0x7d Core/Src/stm32l4xx_hal_msp.o
 .comment       0x000000000000007c       0x7d Core/Src/stm32l4xx_hal_timebase_tim.o
 .comment       0x000000000000007c       0x7d Core/Src/stm32l4xx_it.o
 .comment       0x000000000000007c       0x7d Core/Src/system_stm32l4xx.o
 .comment       0x000000000000007c       0x7d Drivers/STM32L4xx_HAL_Driver/Src/stm32l4xx_hal.o
 .comment       0x000000000000007c       0x7d Drivers/STM32L4xx_HAL_Driver/Src/stm32l4xx_hal_can.o
 .comment       0x000000000000007c       0x7d Drivers/STM32L4xx_HAL_Driver/Src/stm32l4xx_hal_cortex.o
 .comment       0x000000000000007c       0x7d Drivers/STM32L4xx_HAL_Driver/Src/stm32l4xx_hal_dma.o
 .comment       0x000000000000007c       0x7d Drivers/STM32L4xx_HAL_Driver/Src/stm32l4xx_hal_gpio.o
 .comment       0x000000000000007c       0x7d Drivers/STM32L4xx_HAL_Driver/Src/stm32l4xx_hal_pwr_ex.o
 .comment       0x000000000000007c       0x7d Drivers/STM32L4xx_HAL_Driver/Src/stm32l4xx_hal_rcc.o
 .comment       0x000000000000007c       0x7d Drivers/STM32L4xx_HAL_Driver/Src/stm32l4xx_hal_tim.o
 .comment       0x000000000000007c       0x7d Drivers/STM32L4xx_HAL_Driver/Src/stm32l4xx_hal_tim_ex.o
 .comment       0x000000000000007c       0x7d Middlewares/Third_Party/FreeRTOS/Source/CMSIS_RTOS/cmsis_os.o
 .comment       0x000000000000007c       0x7d Middlewares/Third_Party/FreeRTOS/Source/list.o
 .comment       0x000000000000007c       0x7d Middlewares/Third_Party/FreeRTOS/Source/portable/GCC/ARM_CM4F/port.o
 .comment       0x000000000000007c       0x7d Middlewares/Third_Party/FreeRTOS/Source/portable/MemMang/heap_4.o
 .comment       0x000000000000007c       0x7d Middlewares/Third_Party/FreeRTOS/Source/queue.o
 .comment       0x000000000000007c       0x7d Middlewares/Third_Party/FreeRTOS/Source/tasks.o

.debug_frame    0x0000000000000000     0x4fa4
 .debug_frame   0x0000000000000000       0x38 Core/Src/freertos.o
 .debug_frame   0x0000000000000038      0x268 Core/Src/main.o
 .debug_frame   0x00000000000002a0       0xe8 Core/Src/stm32l4xx_hal_msp.o
 .debug_frame   0x0000000000000388       0x74 Core/Src/stm32l4xx_hal_timebase_tim.o
 .debug_frame   0x00000000000003fc      0x118 Core/Src/stm32l4xx_it.o
 .debug_frame   0x0000000000000514       0x58 Core/Src/system_stm32l4xx.o
 .debug_frame   0x000000000000056c      0x498 Drivers/STM32L4xx_HAL_Driver/Src/stm32l4xx_hal.o
 .debug_frame   0x0000000000000a04      0x5a0 Drivers/STM32L4xx_HAL_Driver/Src/stm32l4xx_hal_can.o
 .debug_frame   0x0000000000000fa4      0x498 Drivers/STM32L4xx_HAL_Driver/Src/stm32l4xx_hal_cortex.o
 .debug_frame   0x000000000000143c      0x204 Drivers/STM32L4xx_HAL_Driver/Src/stm32l4xx_hal_dma.o
 .debug_frame   0x0000000000001640      0x14c Drivers/STM32L4xx_HAL_Driver/Src/stm32l4xx_hal_gpio.o
 .debug_frame   0x000000000000178c      0x544 Drivers/STM32L4xx_HAL_Driver/Src/stm32l4xx_hal_pwr_ex.o
 .debug_frame   0x0000000000001cd0      0x1f4 Drivers/STM32L4xx_HAL_Driver/Src/stm32l4xx_hal_rcc.o
 .debug_frame   0x0000000000001ec4     0x121c Drivers/STM32L4xx_HAL_Driver/Src/stm32l4xx_hal_tim.o
 .debug_frame   0x00000000000030e0      0x6b0 Drivers/STM32L4xx_HAL_Driver/Src/stm32l4xx_hal_tim_ex.o
 .debug_frame   0x0000000000003790      0x80c Middlewares/Third_Party/FreeRTOS/Source/CMSIS_RTOS/cmsis_os.o
 .debug_frame   0x0000000000003f9c       0xd8 Middlewares/Third_Party/FreeRTOS/Source/list.o
 .debug_frame   0x0000000000004074      0x1a8 Middlewares/Third_Party/FreeRTOS/Source/portable/GCC/ARM_CM4F/port.o
 .debug_frame   0x000000000000421c      0x12c Middlewares/Third_Party/FreeRTOS/Source/portable/MemMang/heap_4.o
 .debug_frame   0x0000000000004348      0x46c Middlewares/Third_Party/FreeRTOS/Source/queue.o
 .debug_frame   0x00000000000047b4      0x77c Middlewares/Third_Party/FreeRTOS/Source/tasks.o
 .debug_frame   0x0000000000004f30       0x2c /opt/Atollic_TrueSTUDIO_for_STM32_x86_64_9.3.0/ARMTools/bin/../lib/gcc/arm-atollic-eabi/6.3.1/../../../../arm-atollic-eabi/lib/armv7e-m/fpu/libc_nano.a(lib_a-init.o)
 .debug_frame   0x0000000000004f5c       0x28 /opt/Atollic_TrueSTUDIO_for_STM32_x86_64_9.3.0/ARMTools/bin/../lib/gcc/arm-atollic-eabi/6.3.1/../../../../arm-atollic-eabi/lib/armv7e-m/fpu/libc_nano.a(lib_a-memcpy-stub.o)
 .debug_frame   0x0000000000004f84       0x20 /opt/Atollic_TrueSTUDIO_for_STM32_x86_64_9.3.0/ARMTools/bin/../lib/gcc/arm-atollic-eabi/6.3.1/../../../../arm-atollic-eabi/lib/armv7e-m/fpu/libc_nano.a(lib_a-memset.o)
