main.c:89:6:HAL_CAN_RxFifo0MsgPendingCallback	24	static
main.c:154:6:weidelay	24	static
main.c:177:6:Set_LED	24	static
main.c:186:6:Set_Brightness	24	static
main.c:203:6:WS2812_Send	32	static
main.c:235:6:HAL_TIM_PWM_PulseFinishedCallback	16	static
main.c:248:5:main	104	static
main.c:367:6:SystemClock_Config	72	static
main.c:406:13:MX_CAN_Init	48	static
main.c:454:13:MX_TIM2_Init	64	static
main.c:513:13:MX_USART1_UART_Init	8	static
main.c:544:13:MX_DMA_Init	16	static
main.c:562:13:MX_GPIO_Init	40	static
main.c:611:6:StartDefaultTask	24	static
main.c:672:6:StartCANTask	32	static
main.c:707:6:StartHPT	40	static
main.c:766:6:HAL_TIM_PeriodElapsedCallback	16	static
main.c:783:6:Error_Handler	4	static
