Archive member included to satisfy reference by file (symbol)

/opt/Atollic_TrueSTUDIO_for_STM32_x86_64_9.3.0/ARMTools/bin/../lib/gcc/arm-atollic-eabi/6.3.1/../../../../arm-atollic-eabi/lib/armv7-m/libc_nano.a(lib_a-errno.o)
                              Core/Src/syscalls.o (__errno)
/opt/Atollic_TrueSTUDIO_for_STM32_x86_64_9.3.0/ARMTools/bin/../lib/gcc/arm-atollic-eabi/6.3.1/../../../../arm-atollic-eabi/lib/armv7-m/libc_nano.a(lib_a-impure.o)
                              /opt/Atollic_TrueSTUDIO_for_STM32_x86_64_9.3.0/ARMTools/bin/../lib/gcc/arm-atollic-eabi/6.3.1/../../../../arm-atollic-eabi/lib/armv7-m/libc_nano.a(lib_a-errno.o) (_impure_ptr)
/opt/Atollic_TrueSTUDIO_for_STM32_x86_64_9.3.0/ARMTools/bin/../lib/gcc/arm-atollic-eabi/6.3.1/../../../../arm-atollic-eabi/lib/armv7-m/libc_nano.a(lib_a-init.o)
                              startup/startup_stm32f103xb.o (__libc_init_array)
/opt/Atollic_TrueSTUDIO_for_STM32_x86_64_9.3.0/ARMTools/bin/../lib/gcc/arm-atollic-eabi/6.3.1/../../../../arm-atollic-eabi/lib/armv7-m/libc_nano.a(lib_a-memcpy-stub.o)
                              Middlewares/Third_Party/FreeRTOS/Source/queue.o (memcpy)
/opt/Atollic_TrueSTUDIO_for_STM32_x86_64_9.3.0/ARMTools/bin/../lib/gcc/arm-atollic-eabi/6.3.1/../../../../arm-atollic-eabi/lib/armv7-m/libc_nano.a(lib_a-memset.o)
                              Core/Src/main.o (memset)

Allocating common symbols
Common symbol       size              file

defaultTaskHandle   0x4               Core/Src/main.o
LED_Data            0xc3              Core/Src/main.o
LED_Mod             0xc3              Core/Src/main.o
hcan                0x64              Core/Src/main.o
uwTick              0x4               Drivers/STM32F1xx_HAL_Driver/Src/stm32f1xx_hal.o
xQueueRegistry      0x40              Middlewares/Third_Party/FreeRTOS/Source/queue.o
pFlash              0x20              Drivers/STM32F1xx_HAL_Driver/Src/stm32f1xx_hal_flash.o
pwmData             0xa24             Core/Src/main.o
huart1              0x44              Core/Src/main.o
htim1               0x48              Core/Src/stm32f1xx_hal_timebase_tim.o
HPTHandle           0x4               Core/Src/main.o
TxMailbox           0x4               Core/Src/main.o
RxData              0x8               Core/Src/main.o
htim2               0x48              Core/Src/main.o
TxHeader            0x18              Core/Src/main.o
RxHeader            0x1c              Core/Src/main.o
hdma_tim2_ch3       0x44              Core/Src/main.o
CANTaskHandle       0x4               Core/Src/main.o

Discarded input sections

 .text          0x0000000000000000        0x0 /opt/Atollic_TrueSTUDIO_for_STM32_x86_64_9.3.0/ARMTools/bin/../lib/gcc/arm-atollic-eabi/6.3.1/armv7-m/crti.o
 .data          0x0000000000000000        0x0 /opt/Atollic_TrueSTUDIO_for_STM32_x86_64_9.3.0/ARMTools/bin/../lib/gcc/arm-atollic-eabi/6.3.1/armv7-m/crti.o
 .bss           0x0000000000000000        0x0 /opt/Atollic_TrueSTUDIO_for_STM32_x86_64_9.3.0/ARMTools/bin/../lib/gcc/arm-atollic-eabi/6.3.1/armv7-m/crti.o
 .data          0x0000000000000000        0x4 /opt/Atollic_TrueSTUDIO_for_STM32_x86_64_9.3.0/ARMTools/bin/../lib/gcc/arm-atollic-eabi/6.3.1/armv7-m/crtbegin.o
 .text          0x0000000000000000        0x0 Core/Src/freertos.o
 .data          0x0000000000000000        0x0 Core/Src/freertos.o
 .bss           0x0000000000000000        0x0 Core/Src/freertos.o
 .text          0x0000000000000000        0x0 Core/Src/main.o
 .data          0x0000000000000000        0x0 Core/Src/main.o
 .bss           0x0000000000000000        0x0 Core/Src/main.o
 .bss.datacheck
                0x0000000000000000        0x4 Core/Src/main.o
 .bss.MOTOR_GO  0x0000000000000000        0x4 Core/Src/main.o
 .text          0x0000000000000000        0x0 Core/Src/stm32f1xx_hal_msp.o
 .data          0x0000000000000000        0x0 Core/Src/stm32f1xx_hal_msp.o
 .bss           0x0000000000000000        0x0 Core/Src/stm32f1xx_hal_msp.o
 .text.HAL_CAN_MspDeInit
                0x0000000000000000       0x48 Core/Src/stm32f1xx_hal_msp.o
 .text.HAL_TIM_Base_MspDeInit
                0x0000000000000000       0x3c Core/Src/stm32f1xx_hal_msp.o
 .text.HAL_UART_MspDeInit
                0x0000000000000000       0x3c Core/Src/stm32f1xx_hal_msp.o
 .text          0x0000000000000000        0x0 Core/Src/stm32f1xx_hal_timebase_tim.o
 .data          0x0000000000000000        0x0 Core/Src/stm32f1xx_hal_timebase_tim.o
 .bss           0x0000000000000000        0x0 Core/Src/stm32f1xx_hal_timebase_tim.o
 .text.HAL_SuspendTick
                0x0000000000000000       0x20 Core/Src/stm32f1xx_hal_timebase_tim.o
 .text.HAL_ResumeTick
                0x0000000000000000       0x20 Core/Src/stm32f1xx_hal_timebase_tim.o
 .text          0x0000000000000000        0x0 Core/Src/stm32f1xx_it.o
 .data          0x0000000000000000        0x0 Core/Src/stm32f1xx_it.o
 .bss           0x0000000000000000        0x0 Core/Src/stm32f1xx_it.o
 .text          0x0000000000000000        0x0 Core/Src/syscalls.o
[...]
Memory Configuration

Name             Origin             Length             Attributes
RAM              0x0000000020000000 0x0000000000005000 xrw
FLASH            0x0000000008000000 0x0000000000010000 xr
*default*        0x0000000000000000 0xffffffffffffffff

Linker script and memory map

LOAD /opt/Atollic_TrueSTUDIO_for_STM32_x86_64_9.3.0/ARMTools/bin/../lib/gcc/arm-atollic-eabi/6.3.1/armv7-m/crti.o
LOAD /opt/Atollic_TrueSTUDIO_for_STM32_x86_64_9.3.0/ARMTools/bin/../lib/gcc/arm-atollic-eabi/6.3.1/armv7-m/crtbegin.o
LOAD Core/Src/freertos.o
LOAD Core/Src/main.o
LOAD Core/Src/stm32f1xx_hal_msp.o
LOAD Core/Src/stm32f1xx_hal_timebase_tim.o
LOAD Core/Src/stm32f1xx_it.o
LOAD Core/Src/syscalls.o
LOAD Core/Src/system_stm32f1xx.o
LOAD Drivers/STM32F1xx_HAL_Driver/Src/stm32f1xx_hal.o
LOAD Drivers/STM32F1xx_HAL_Driver/Src/stm32f1xx_hal_can.o
LOAD Drivers/STM32F1xx_HAL_Driver/Src/stm32f1xx_hal_cortex.o
LOAD Drivers/STM32F1xx_HAL_Driver/Src/stm32f1xx_hal_dma.o
LOAD Drivers/STM32F1xx_HAL_Driver/Src/stm32f1xx_hal_exti.o
LOAD Drivers/STM32F1xx_HAL_Driver/Src/stm32f1xx_hal_flash.o
LOAD Drivers/STM32F1xx_HAL_Driver/Src/stm32f1xx_hal_flash_ex.o
LOAD Drivers/STM32F1xx_HAL_Driver/Src/stm32f1xx_hal_gpio.o
LOAD Drivers/STM32F1xx_HAL_Driver/Src/stm32f1xx_hal_gpio_ex.o
LOAD Drivers/STM32F1xx_HAL_Driver/Src/stm32f1xx_hal_pwr.o
LOAD Drivers/STM32F1xx_HAL_Driver/Src/stm32f1xx_hal_rcc.o
LOAD Drivers/STM32F1xx_HAL_Driver/Src/stm32f1xx_hal_rcc_ex.o
LOAD Drivers/STM32F1xx_HAL_Driver/Src/stm32f1xx_hal_tim.o
LOAD Drivers/STM32F1xx_HAL_Driver/Src/stm32f1xx_hal_tim_ex.o
LOAD Drivers/STM32F1xx_HAL_Driver/Src/stm32f1xx_hal_uart.o
LOAD Middlewares/Third_Party/FreeRTOS/Source/CMSIS_RTOS/cmsis_os.o
LOAD Middlewares/Third_Party/FreeRTOS/Source/croutine.o
LOAD Middlewares/Third_Party/FreeRTOS/Source/event_groups.o
LOAD Middlewares/Third_Party/FreeRTOS/Source/list.o
LOAD Middlewares/Third_Party/FreeRTOS/Source/portable/GCC/ARM_CM3/port.o
LOAD Middlewares/Third_Party/FreeRTOS/Source/portable/MemMang/heap_4.o
LOAD Middlewares/Third_Party/FreeRTOS/Source/queue.o
LOAD Middlewares/Third_Party/FreeRTOS/Source/stream_buffer.o
LOAD Middlewares/Third_Party/FreeRTOS/Source/tasks.o
LOAD Middlewares/Third_Party/FreeRTOS/Source/timers.o
LOAD startup/startup_stm32f103xb.o
                0x0000000000000080                malloc_getpagesize_P = 0x80
START GROUP
LOAD /opt/Atollic_TrueSTUDIO_for_STM32_x86_64_9.3.0/ARMTools/bin/../lib/gcc/arm-atollic-eabi/6.3.1/../../../../arm-atollic-eabi/lib/armv7-m/libc_nano.a
LOAD /opt/Atollic_TrueSTUDIO_for_STM32_x86_64_9.3.0/ARMTools/bin/../lib/gcc/arm-atollic-eabi/6.3.1/../../../../arm-atollic-eabi/lib/armv7-m/libm.a
END GROUP
START GROUP
LOAD /opt/Atollic_TrueSTUDIO_for_STM32_x86_64_9.3.0/ARMTools/bin/../lib/gcc/arm-atollic-eabi/6.3.1/armv7-m/libgcc.a
LOAD /opt/Atollic_TrueSTUDIO_for_STM32_x86_64_9.3.0/ARMTools/bin/../lib/gcc/arm-atollic-eabi/6.3.1/../../../../arm-atollic-eabi/lib/armv7-m/libc_nano.a
END GROUP
START GROUP
LOAD /opt/Atollic_TrueSTUDIO_for_STM32_x86_64_9.3.0/ARMTools/bin/../lib/gcc/arm-atollic-eabi/6.3.1/armv7-m/libgcc.a
LOAD /opt/Atollic_TrueSTUDIO_for_STM32_x86_64_9.3.0/ARMTools/bin/../lib/gcc/arm-atollic-eabi/6.3.1/../../../../arm-atollic-eabi/lib/armv7-m/libc_nano.a
LOAD /opt/Atollic_TrueSTUDIO_for_STM32_x86_64_9.3.0/ARMTools/bin/../lib/gcc/arm-atollic-eabi/6.3.1/../../../../arm-atollic-eabi/lib/armv7-m/libnosys.a
END GROUP
START GROUP
LOAD /opt/Atollic_TrueSTUDIO_for_STM32_x86_64_9.3.0/ARMTools/bin/../lib/gcc/arm-atollic-eabi/6.3.1/armv7-m/libgcc.a
LOAD /opt/Atollic_TrueSTUDIO_for_STM32_x86_64_9.3.0/ARMTools/bin/../lib/gcc/arm-atollic-eabi/6.3.1/../../../../arm-atollic-eabi/lib/armv7-m/libc_nano.a
LOAD /opt/Atollic_TrueSTUDIO_for_STM32_x86_64_9.3.0/ARMTools/bin/../lib/gcc/arm-atollic-eabi/6.3.1/../../../../arm-atollic-eabi/lib/armv7-m/libnosys.a
END GROUP
LOAD /opt/Atollic_TrueSTUDIO_for_STM32_x86_64_9.3.0/ARMTools/bin/../lib/gcc/arm-atollic-eabi/6.3.1/armv7-m/crtend.o
LOAD /opt/Atollic_TrueSTUDIO_for_STM32_x86_64_9.3.0/ARMTools/bin/../lib/gcc/arm-atollic-eabi/6.3.1/armv7-m/crtn.o
                0x0000000020005000                _estack = 0x20005000
                0x0000000000000200                _Min_Heap_Size = 0x200
                0x0000000000000400                _Min_Stack_Size = 0x400

.isr_vector     0x0000000008000000      0x10c
                0x0000000008000000                . = ALIGN (0x4)
 *(.isr_vector)
 .isr_vector    0x0000000008000000      0x10c startup/startup_stm32f103xb.o
                0x0000000008000000                g_pfnVectors
                0x000000000800010c                . = ALIGN (0x4)

.text           0x0000000008000110     0x58c8
                0x0000000008000110                . = ALIGN (0x4)
 *(.text)
 .text          0x0000000008000110       0x40 /opt/Atollic_TrueSTUDIO_for_STM32_x86_64_9.3.0/ARMTools/bin/../lib/gcc/arm-atollic-eabi/6.3.1/armv7-m/crtbegin.o
 *(.text*)
 .text.vApplicationGetIdleTaskMemory
                0x0000000008000150       0x30 Core/Src/freertos.o
                0x0000000008000150                vApplicationGetIdleTaskMemory
 .text.HAL_CAN_RxFifo0MsgPendingCallback
                0x0000000008000180      0x158 Core/Src/main.o
                0x0000000008000180                HAL_CAN_RxFifo0MsgPendingCallback
 .text.weidelay
                0x00000000080002d8       0x26 Core/Src/main.o
                0x00000000080002d8                weidelay
 *fill*         0x00000000080002fe        0x2 
 .text.Set_LED  0x0000000008000300       0x84 Core/Src/main.o
                0x0000000008000300                Set_LED
 .text.Set_Brightness
                0x0000000008000384       0xc0 Core/Src/main.o
                0x0000000008000384                Set_Brightness
 .text.WS2812_Send
                0x0000000008000444       0xf0 Core/Src/main.o
                0x0000000008000444                WS2812_Send
 .text.HAL_TIM_PWM_PulseFinishedCallback
                0x0000000008000534       0x28 Core/Src/main.o
                0x0000000008000534                HAL_TIM_PWM_PulseFinishedCallback
 .text.main     0x000000000800055c      0x148 Core/Src/main.o
                0x000000000800055c                main
 .text.SystemClock_Config
                0x00000000080006a4       0x8c Core/Src/main.o
                0x00000000080006a4                SystemClock_Config
 .text.MX_CAN_Init
                0x0000000008000730       0xa4 Core/Src/main.o
 .text.MX_TIM2_Init
                0x00000000080007d4       0xe8 Core/Src/main.o
 .text.MX_USART1_UART_Init
                0x00000000080008bc       0x54 Core/Src/main.o
 .text.MX_DMA_Init
                0x0000000008000910       0x3c Core/Src/main.o
 .text.MX_GPIO_Init
                0x000000000800094c       0xf0 Core/Src/main.o
 .text.StartDefaultTask
                0x0000000008000a3c      0x110 Core/Src/main.o
                0x0000000008000a3c                StartDefaultTask
 .text.StartCANTask
                0x0000000008000b4c       0xcc Core/Src/main.o
                0x0000000008000b4c                StartCANTask
 .text.StartHPT
                0x0000000008000c18      0x118 Core/Src/main.o
                0x0000000008000c18                StartHPT
 .text.HAL_TIM_PeriodElapsedCallback
                0x0000000008000d30       0x24 Core/Src/main.o
                0x0000000008000d30                HAL_TIM_PeriodElapsedCallback
 .text.Error_Handler
                0x0000000008000d54        0x8 Core/Src/main.o
                0x0000000008000d54                Error_Handler
 .text.HAL_MspInit
                0x0000000008000d5c       0x70 Core/Src/stm32f1xx_hal_msp.o
                0x0000000008000d5c                HAL_MspInit
 .text.HAL_CAN_MspInit
                0x0000000008000dcc       0xe0 Core/Src/stm32f1xx_hal_msp.o
                0x0000000008000dcc                HAL_CAN_MspInit
 .text.HAL_TIM_Base_MspInit
                0x0000000008000eac       0xa0 Core/Src/stm32f1xx_hal_msp.o
                0x0000000008000eac                HAL_TIM_Base_MspInit
 .text.HAL_TIM_MspPostInit
                0x0000000008000f4c       0x60 Core/Src/stm32f1xx_hal_msp.o
                0x0000000008000f4c                HAL_TIM_MspPostInit
 .text.HAL_UART_MspInit
                0x0000000008000fac       0x98 Core/Src/stm32f1xx_hal_msp.o
                0x0000000008000fac                HAL_UART_MspInit
 .text.HAL_InitTick
                0x0000000008001044       0xac Core/Src/stm32f1xx_hal_timebase_tim.o
                0x0000000008001044                HAL_InitTick
 .text.NMI_Handler
                0x00000000080010f0        0x6 Core/Src/stm32f1xx_it.o
                0x00000000080010f0                NMI_Handler
 .text.HardFault_Handler
                0x00000000080010f6        0x6 Core/Src/stm32f1xx_it.o
                0x00000000080010f6                HardFault_Handler
 .text.MemManage_Handler
                0x00000000080010fc        0x6 Core/Src/stm32f1xx_it.o
                0x00000000080010fc                MemManage_Handler
 .text.BusFault_Handler
                0x0000000008001102        0x6 Core/Src/stm32f1xx_it.o
                0x0000000008001102                BusFault_Handler
 .text.UsageFault_Handler
                0x0000000008001108        0x6 Core/Src/stm32f1xx_it.o
                0x0000000008001108                UsageFault_Handler
 .text.DebugMon_Handler
                0x000000000800110e        0xc Core/Src/stm32f1xx_it.o
                0x000000000800110e                DebugMon_Handler
 *fill*         0x000000000800111a        0x2 
 .text.DMA1_Channel1_IRQHandler
                0x000000000800111c       0x14 Core/Src/stm32f1xx_it.o
                0x000000000800111c                DMA1_Channel1_IRQHandler
 .text.USB_LP_CAN1_RX0_IRQHandler
                0x0000000008001130       0x14 Core/Src/stm32f1xx_it.o
                0x0000000008001130                USB_LP_CAN1_RX0_IRQHandler
 .text.CAN1_RX1_IRQHandler
                0x0000000008001144       0x14 Core/Src/stm32f1xx_it.o
                0x0000000008001144                CAN1_RX1_IRQHandler
 .text.TIM1_UP_IRQHandler
                0x0000000008001158       0x14 Core/Src/stm32f1xx_it.o
                0x0000000008001158                TIM1_UP_IRQHandler
 .text.TIM2_IRQHandler
                0x000000000800116c       0x14 Core/Src/stm32f1xx_it.o
                0x000000000800116c                TIM2_IRQHandler
 .text.SystemInit
                0x0000000008001180        0xc Core/Src/system_stm32f1xx.o
                0x0000000008001180                SystemInit
 .text.HAL_Init
                0x000000000800118c       0x2c Drivers/STM32F1xx_HAL_Driver/Src/stm32f1xx_hal.o
                0x000000000800118c                HAL_Init
 .text.HAL_IncTick
                0x00000000080011b8       0x24 Drivers/STM32F1xx_HAL_Driver/Src/stm32f1xx_hal.o
                0x00000000080011b8                HAL_IncTick
 .text.HAL_GetTick
                0x00000000080011dc       0x14 Drivers/STM32F1xx_HAL_Driver/Src/stm32f1xx_hal.o
                0x00000000080011dc                HAL_GetTick
 .text.HAL_Delay
                0x00000000080011f0       0x44 Drivers/STM32F1xx_HAL_Driver/Src/stm32f1xx_hal.o
                0x00000000080011f0                HAL_Delay
 .text.HAL_CAN_Init
                0x0000000008001234      0x28c Drivers/STM32F1xx_HAL_Driver/Src/stm32f1xx_hal_can.o
                0x0000000008001234                HAL_CAN_Init
 .text.HAL_CAN_ConfigFilter
                0x00000000080014c0      0x192 Drivers/STM32F1xx_HAL_Driver/Src/stm32f1xx_hal_can.o
                0x00000000080014c0                HAL_CAN_ConfigFilter
 .text.HAL_CAN_Start
                0x0000000008001652       0x88 Drivers/STM32F1xx_HAL_Driver/Src/stm32f1xx_hal_can.o
                0x0000000008001652                HAL_CAN_Start
 .text.HAL_CAN_GetRxMessage
                0x00000000080016da      0x222 Drivers/STM32F1xx_HAL_Driver/Src/stm32f1xx_hal_can.o
                0x00000000080016da                HAL_CAN_GetRxMessage
 .text.HAL_CAN_ActivateNotification
                0x00000000080018fc       0x4a Drivers/STM32F1xx_HAL_Driver/Src/stm32f1xx_hal_can.o
                0x00000000080018fc                HAL_CAN_ActivateNotification
 .text.HAL_CAN_IRQHandler
                0x0000000008001946      0x37e Drivers/STM32F1xx_HAL_Driver/Src/stm32f1xx_hal_can.o
                0x0000000008001946                HAL_CAN_IRQHandler
 .text.HAL_CAN_TxMailbox0CompleteCallback
                0x0000000008001cc4       0x12 Drivers/STM32F1xx_HAL_Driver/Src/stm32f1xx_hal_can.o
                0x0000000008001cc4                HAL_CAN_TxMailbox0CompleteCallback
 .text.HAL_CAN_TxMailbox1CompleteCallback
                0x0000000008001cd6       0x12 Drivers/STM32F1xx_HAL_Driver/Src/stm32f1xx_hal_can.o
                0x0000000008001cd6                HAL_CAN_TxMailbox1CompleteCallback
 .text.HAL_CAN_TxMailbox2CompleteCallback
                0x0000000008001ce8       0x12 Drivers/STM32F1xx_HAL_Driver/Src/stm32f1xx_hal_can.o
                0x0000000008001ce8                HAL_CAN_TxMailbox2CompleteCallback
 .text.HAL_CAN_TxMailbox0AbortCallback
                0x0000000008001cfa       0x12 Drivers/STM32F1xx_HAL_Driver/Src/stm32f1xx_hal_can.o
                0x0000000008001cfa                HAL_CAN_TxMailbox0AbortCallback
 .text.HAL_CAN_TxMailbox1AbortCallback
                0x0000000008001d0c       0x12 Drivers/STM32F1xx_HAL_Driver/Src/stm32f1xx_hal_can.o
                0x0000000008001d0c                HAL_CAN_TxMailbox1AbortCallback
 .text.HAL_CAN_TxMailbox2AbortCallback
                0x0000000008001d1e       0x12 Drivers/STM32F1xx_HAL_Driver/Src/stm32f1xx_hal_can.o
                0x0000000008001d1e                HAL_CAN_TxMailbox2AbortCallback
 .text.HAL_CAN_RxFifo0FullCallback
                0x0000000008001d30       0x12 Drivers/STM32F1xx_HAL_Driver/Src/stm32f1xx_hal_can.o
                0x0000000008001d30                HAL_CAN_RxFifo0FullCallback
 .text.HAL_CAN_RxFifo1MsgPendingCallback
                0x0000000008001d42       0x12 Drivers/STM32F1xx_HAL_Driver/Src/stm32f1xx_hal_can.o
                0x0000000008001d42                HAL_CAN_RxFifo1MsgPendingCallback
 .text.HAL_CAN_RxFifo1FullCallback
                0x0000000008001d54       0x12 Drivers/STM32F1xx_HAL_Driver/Src/stm32f1xx_hal_can.o
                0x0000000008001d54                HAL_CAN_RxFifo1FullCallback
 .text.HAL_CAN_SleepCallback
                0x0000000008001d66       0x12 Drivers/STM32F1xx_HAL_Driver/Src/stm32f1xx_hal_can.o
                0x0000000008001d66                HAL_CAN_SleepCallback
 .text.HAL_CAN_WakeUpFromRxMsgCallback
                0x0000000008001d78       0x12 Drivers/STM32F1xx_HAL_Driver/Src/stm32f1xx_hal_can.o
                0x0000000008001d78                HAL_CAN_WakeUpFromRxMsgCallback
 .text.HAL_CAN_ErrorCallback
                0x0000000008001d8a       0x12 Drivers/STM32F1xx_HAL_Driver/Src/stm32f1xx_hal_can.o
                0x0000000008001d8a                HAL_CAN_ErrorCallback
 .text.__NVIC_SetPriorityGrouping
                0x0000000008001d9c       0x48 Drivers/STM32F1xx_HAL_Driver/Src/stm32f1xx_hal_cortex.o
 .text.__NVIC_GetPriorityGrouping
                0x0000000008001de4       0x1c Drivers/STM32F1xx_HAL_Driver/Src/stm32f1xx_hal_cortex.o
 .text.__NVIC_EnableIRQ
                0x0000000008001e00       0x38 Drivers/STM32F1xx_HAL_Driver/Src/stm32f1xx_hal_cortex.o
 .text.__NVIC_SetPriority
                0x0000000008001e38       0x54 Drivers/STM32F1xx_HAL_Driver/Src/stm32f1xx_hal_cortex.o
 .text.NVIC_EncodePriority
                0x0000000008001e8c       0x60 Drivers/STM32F1xx_HAL_Driver/Src/stm32f1xx_hal_cortex.o
 .text.HAL_NVIC_SetPriorityGrouping
                0x0000000008001eec       0x16 Drivers/STM32F1xx_HAL_Driver/Src/stm32f1xx_hal_cortex.o
                0x0000000008001eec                HAL_NVIC_SetPriorityGrouping
 .text.HAL_NVIC_SetPriority
                0x0000000008001f02       0x38 Drivers/STM32F1xx_HAL_Driver/Src/stm32f1xx_hal_cortex.o
                0x0000000008001f02                HAL_NVIC_SetPriority
 .text.HAL_NVIC_EnableIRQ
                0x0000000008001f3a       0x1c Drivers/STM32F1xx_HAL_Driver/Src/stm32f1xx_hal_cortex.o
                0x0000000008001f3a                HAL_NVIC_EnableIRQ
 *fill*         0x0000000008001f56        0x2 
 .text.HAL_DMA_Init
                0x0000000008001f58       0xb4 Drivers/STM32F1xx_HAL_Driver/Src/stm32f1xx_hal_dma.o
                0x0000000008001f58                HAL_DMA_Init
 .text.HAL_DMA_Start_IT
                0x000000000800200c       0xbe Drivers/STM32F1xx_HAL_Driver/Src/stm32f1xx_hal_dma.o
                0x000000000800200c                HAL_DMA_Start_IT
 *fill*         0x00000000080020ca        0x2 
 .text.HAL_DMA_Abort_IT
                0x00000000080020cc       0xf8 Drivers/STM32F1xx_HAL_Driver/Src/stm32f1xx_hal_dma.o
                0x00000000080020cc                HAL_DMA_Abort_IT
 .text.HAL_DMA_IRQHandler
                0x00000000080021c4      0x224 Drivers/STM32F1xx_HAL_Driver/Src/stm32f1xx_hal_dma.o
                0x00000000080021c4                HAL_DMA_IRQHandler
 .text.DMA_SetConfig
                0x00000000080023e8       0x5a Drivers/STM32F1xx_HAL_Driver/Src/stm32f1xx_hal_dma.o
 *fill*         0x0000000008002442        0x2 
 .text.HAL_GPIO_Init
                0x0000000008002444      0x2b4 Drivers/STM32F1xx_HAL_Driver/Src/stm32f1xx_hal_gpio.o
                0x0000000008002444                HAL_GPIO_Init
 .text.HAL_GPIO_ReadPin
                0x00000000080026f8       0x2e Drivers/STM32F1xx_HAL_Driver/Src/stm32f1xx_hal_gpio.o
                0x00000000080026f8                HAL_GPIO_ReadPin
 .text.HAL_GPIO_WritePin
                0x0000000008002726       0x30 Drivers/STM32F1xx_HAL_Driver/Src/stm32f1xx_hal_gpio.o
                0x0000000008002726                HAL_GPIO_WritePin
 .text.HAL_GPIO_TogglePin
                0x0000000008002756       0x32 Drivers/STM32F1xx_HAL_Driver/Src/stm32f1xx_hal_gpio.o
                0x0000000008002756                HAL_GPIO_TogglePin
 .text.HAL_RCC_OscConfig
                0x0000000008002788      0x500 Drivers/STM32F1xx_HAL_Driver/Src/stm32f1xx_hal_rcc.o
                0x0000000008002788                HAL_RCC_OscConfig
 .text.HAL_RCC_ClockConfig
                0x0000000008002c88      0x1d4 Drivers/STM32F1xx_HAL_Driver/Src/stm32f1xx_hal_rcc.o
                0x0000000008002c88                HAL_RCC_ClockConfig
 .text.HAL_RCC_GetSysClockFreq
                0x0000000008002e5c       0xc8 Drivers/STM32F1xx_HAL_Driver/Src/stm32f1xx_hal_rcc.o
                0x0000000008002e5c                HAL_RCC_GetSysClockFreq
 .text.HAL_RCC_GetHCLKFreq
                0x0000000008002f24       0x14 Drivers/STM32F1xx_HAL_Driver/Src/stm32f1xx_hal_rcc.o
                0x0000000008002f24                HAL_RCC_GetHCLKFreq
 .text.HAL_RCC_GetPCLK1Freq
                0x0000000008002f38       0x28 Drivers/STM32F1xx_HAL_Driver/Src/stm32f1xx_hal_rcc.o
                0x0000000008002f38                HAL_RCC_GetPCLK1Freq
 .text.HAL_RCC_GetPCLK2Freq
                0x0000000008002f60       0x28 Drivers/STM32F1xx_HAL_Driver/Src/stm32f1xx_hal_rcc.o
                0x0000000008002f60                HAL_RCC_GetPCLK2Freq
 .text.HAL_RCC_GetClockConfig
                0x0000000008002f88       0x60 Drivers/STM32F1xx_HAL_Driver/Src/stm32f1xx_hal_rcc.o
                0x0000000008002f88                HAL_RCC_GetClockConfig
 .text.RCC_Delay
                0x0000000008002fe8       0x3c Drivers/STM32F1xx_HAL_Driver/Src/stm32f1xx_hal_rcc.o
 .text.HAL_TIM_Base_Init
                0x0000000008003024       0x9e Drivers/STM32F1xx_HAL_Driver/Src/stm32f1xx_hal_tim.o
                0x0000000008003024                HAL_TIM_Base_Init
 *fill*         0x00000000080030c2        0x2 
 .text.HAL_TIM_Base_Start_IT
                0x00000000080030c4       0xa4 Drivers/STM32F1xx_HAL_Driver/Src/stm32f1xx_hal_tim.o
                0x00000000080030c4                HAL_TIM_Base_Start_IT
 .text.HAL_TIM_PWM_Init
                0x0000000008003168       0x9e Drivers/STM32F1xx_HAL_Driver/Src/stm32f1xx_hal_tim.o
                0x0000000008003168                HAL_TIM_PWM_Init
 .text.HAL_TIM_PWM_MspInit
                0x0000000008003206       0x12 Drivers/STM32F1xx_HAL_Driver/Src/stm32f1xx_hal_tim.o
                0x0000000008003206                HAL_TIM_PWM_MspInit
 .text.HAL_TIM_PWM_Start_DMA
                0x0000000008003218      0x334 Drivers/STM32F1xx_HAL_Driver/Src/stm32f1xx_hal_tim.o
                0x0000000008003218                HAL_TIM_PWM_Start_DMA
 .text.HAL_TIM_PWM_Stop_DMA
                0x000000000800354c      0x17c Drivers/STM32F1xx_HAL_Driver/Src/stm32f1xx_hal_tim.o
                0x000000000800354c                HAL_TIM_PWM_Stop_DMA
 .text.HAL_TIM_IRQHandler
                0x00000000080036c8      0x210 Drivers/STM32F1xx_HAL_Driver/Src/stm32f1xx_hal_tim.o
                0x00000000080036c8                HAL_TIM_IRQHandler
 .text.HAL_TIM_PWM_ConfigChannel
                0x00000000080038d8      0x17c Drivers/STM32F1xx_HAL_Driver/Src/stm32f1xx_hal_tim.o
                0x00000000080038d8                HAL_TIM_PWM_ConfigChannel
 .text.HAL_TIM_ConfigClockSource
                0x0000000008003a54      0x16e Drivers/STM32F1xx_HAL_Driver/Src/stm32f1xx_hal_tim.o
                0x0000000008003a54                HAL_TIM_ConfigClockSource
 .text.HAL_TIM_OC_DelayElapsedCallback
                0x0000000008003bc2       0x12 Drivers/STM32F1xx_HAL_Driver/Src/stm32f1xx_hal_tim.o
                0x0000000008003bc2                HAL_TIM_OC_DelayElapsedCallback
 .text.HAL_TIM_IC_CaptureCallback
                0x0000000008003bd4       0x12 Drivers/STM32F1xx_HAL_Driver/Src/stm32f1xx_hal_tim.o
                0x0000000008003bd4                HAL_TIM_IC_CaptureCallback
 .text.HAL_TIM_PWM_PulseFinishedHalfCpltCallback
                0x0000000008003be6       0x12 Drivers/STM32F1xx_HAL_Driver/Src/stm32f1xx_hal_tim.o
                0x0000000008003be6                HAL_TIM_PWM_PulseFinishedHalfCpltCallback
 .text.HAL_TIM_TriggerCallback
                0x0000000008003bf8       0x12 Drivers/STM32F1xx_HAL_Driver/Src/stm32f1xx_hal_tim.o
                0x0000000008003bf8                HAL_TIM_TriggerCallback
 .text.HAL_TIM_ErrorCallback
                0x0000000008003c0a       0x12 Drivers/STM32F1xx_HAL_Driver/Src/stm32f1xx_hal_tim.o
                0x0000000008003c0a                HAL_TIM_ErrorCallback
 .text.TIM_DMAError
                0x0000000008003c1c       0x92 Drivers/STM32F1xx_HAL_Driver/Src/stm32f1xx_hal_tim.o
                0x0000000008003c1c                TIM_DMAError
 .text.TIM_DMADelayPulseCplt
                0x0000000008003cae       0xa8 Drivers/STM32F1xx_HAL_Driver/Src/stm32f1xx_hal_tim.o
 .text.TIM_DMADelayPulseHalfCplt
                0x0000000008003d56       0x68 Drivers/STM32F1xx_HAL_Driver/Src/stm32f1xx_hal_tim.o
                0x0000000008003d56                TIM_DMADelayPulseHalfCplt
 *fill*         0x0000000008003dbe        0x2 
 .text.TIM_Base_SetConfig
                0x0000000008003dc0       0xc4 Drivers/STM32F1xx_HAL_Driver/Src/stm32f1xx_hal_tim.o
                0x0000000008003dc0                TIM_Base_SetConfig
 .text.TIM_OC1_SetConfig
                0x0000000008003e84       0xcc Drivers/STM32F1xx_HAL_Driver/Src/stm32f1xx_hal_tim.o
 .text.TIM_OC2_SetConfig
                0x0000000008003f50       0xd4 Drivers/STM32F1xx_HAL_Driver/Src/stm32f1xx_hal_tim.o
                0x0000000008003f50                TIM_OC2_SetConfig
 .text.TIM_OC3_SetConfig
                0x0000000008004024       0xd4 Drivers/STM32F1xx_HAL_Driver/Src/stm32f1xx_hal_tim.o
 .text.TIM_OC4_SetConfig
                0x00000000080040f8       0x9c Drivers/STM32F1xx_HAL_Driver/Src/stm32f1xx_hal_tim.o
 .text.TIM_TI1_ConfigInputStage
                0x0000000008004194       0x5c Drivers/STM32F1xx_HAL_Driver/Src/stm32f1xx_hal_tim.o
 .text.TIM_TI2_ConfigInputStage
                0x00000000080041f0       0x5e Drivers/STM32F1xx_HAL_Driver/Src/stm32f1xx_hal_tim.o
 .text.TIM_ITRx_SetConfig
                0x000000000800424e       0x34 Drivers/STM32F1xx_HAL_Driver/Src/stm32f1xx_hal_tim.o
 .text.TIM_ETR_SetConfig
                0x0000000008004282       0x3e Drivers/STM32F1xx_HAL_Driver/Src/stm32f1xx_hal_tim.o
                0x0000000008004282                TIM_ETR_SetConfig
 .text.TIM_CCxChannelCmd
                0x00000000080042c0       0x48 Drivers/STM32F1xx_HAL_Driver/Src/stm32f1xx_hal_tim.o
                0x00000000080042c0                TIM_CCxChannelCmd
 .text.HAL_TIMEx_MasterConfigSynchronization
                0x0000000008004308       0xbc Drivers/STM32F1xx_HAL_Driver/Src/stm32f1xx_hal_tim_ex.o
                0x0000000008004308                HAL_TIMEx_MasterConfigSynchronization
 .text.HAL_TIMEx_CommutCallback
                0x00000000080043c4       0x12 Drivers/STM32F1xx_HAL_Driver/Src/stm32f1xx_hal_tim_ex.o
                0x00000000080043c4                HAL_TIMEx_CommutCallback
 .text.HAL_TIMEx_BreakCallback
                0x00000000080043d6       0x12 Drivers/STM32F1xx_HAL_Driver/Src/stm32f1xx_hal_tim_ex.o
                0x00000000080043d6                HAL_TIMEx_BreakCallback
 .text.HAL_UART_Init
                0x00000000080043e8       0x9a Drivers/STM32F1xx_HAL_Driver/Src/stm32f1xx_hal_uart.o
                0x00000000080043e8                HAL_UART_Init
 *fill*         0x0000000008004482        0x2 
 .text.UART_SetConfig
                0x0000000008004484      0x11c Drivers/STM32F1xx_HAL_Driver/Src/stm32f1xx_hal_uart.o
 .text.makeFreeRtosPriority
                0x00000000080045a0       0x2e Middlewares/Third_Party/FreeRTOS/Source/CMSIS_RTOS/cmsis_os.o
 .text.osKernelStart
                0x00000000080045ce        0xe Middlewares/Third_Party/FreeRTOS/Source/CMSIS_RTOS/cmsis_os.o
                0x00000000080045ce                osKernelStart
 .text.osThreadCreate
                0x00000000080045dc       0x98 Middlewares/Third_Party/FreeRTOS/Source/CMSIS_RTOS/cmsis_os.o
                0x00000000080045dc                osThreadCreate
 .text.osDelay  0x0000000008004674       0x28 Middlewares/Third_Party/FreeRTOS/Source/CMSIS_RTOS/cmsis_os.o
                0x0000000008004674                osDelay
 .text.vListInitialise
                0x000000000800469c       0x3e Middlewares/Third_Party/FreeRTOS/Source/list.o
                0x000000000800469c                vListInitialise
 .text.vListInitialiseItem
                0x00000000080046da       0x18 Middlewares/Third_Party/FreeRTOS/Source/list.o
                0x00000000080046da                vListInitialiseItem
 .text.vListInsertEnd
                0x00000000080046f2       0x46 Middlewares/Third_Party/FreeRTOS/Source/list.o
                0x00000000080046f2                vListInsertEnd
 .text.vListInsert
                0x0000000008004738       0x70 Middlewares/Third_Party/FreeRTOS/Source/list.o
                0x0000000008004738                vListInsert
 .text.uxListRemove
                0x00000000080047a8       0x52 Middlewares/Third_Party/FreeRTOS/Source/list.o
                0x00000000080047a8                uxListRemove
 *fill*         0x00000000080047fa        0x2 
 .text.pxPortInitialiseStack
                0x00000000080047fc       0x58 Middlewares/Third_Party/FreeRTOS/Source/portable/GCC/ARM_CM3/port.o
                0x00000000080047fc                pxPortInitialiseStack
 .text.prvTaskExitError
                0x0000000008004854       0x50 Middlewares/Third_Party/FreeRTOS/Source/portable/GCC/ARM_CM3/port.o
 *fill*         0x00000000080048a4        0xc 
 .text.SVC_Handler
                0x00000000080048b0       0x28 Middlewares/Third_Party/FreeRTOS/Source/portable/GCC/ARM_CM3/port.o
                0x00000000080048b0                SVC_Handler
 .text.prvPortStartFirstTask
                0x00000000080048d8       0x20 Middlewares/Third_Party/FreeRTOS/Source/portable/GCC/ARM_CM3/port.o
 .text.xPortStartScheduler
                0x00000000080048f8       0xe0 Middlewares/Third_Party/FreeRTOS/Source/portable/GCC/ARM_CM3/port.o
                0x00000000080048f8                xPortStartScheduler
 .text.vPortEnterCritical
                0x00000000080049d8       0x5c Middlewares/Third_Party/FreeRTOS/Source/portable/GCC/ARM_CM3/port.o
                0x00000000080049d8                vPortEnterCritical
 .text.vPortExitCritical
                0x0000000008004a34       0x4c Middlewares/Third_Party/FreeRTOS/Source/portable/GCC/ARM_CM3/port.o
                0x0000000008004a34                vPortExitCritical
 .text.PendSV_Handler
                0x0000000008004a80       0x48 Middlewares/Third_Party/FreeRTOS/Source/portable/GCC/ARM_CM3/port.o
                0x0000000008004a80                PendSV_Handler
 .text.SysTick_Handler
                0x0000000008004ac8       0x40 Middlewares/Third_Party/FreeRTOS/Source/portable/GCC/ARM_CM3/port.o
                0x0000000008004ac8                SysTick_Handler
 .text.vPortSetupTimerInterrupt
                0x0000000008004b08       0x44 Middlewares/Third_Party/FreeRTOS/Source/portable/GCC/ARM_CM3/port.o
                0x0000000008004b08                vPortSetupTimerInterrupt
 .text.pvPortMalloc
                0x0000000008004b4c      0x184 Middlewares/Third_Party/FreeRTOS/Source/portable/MemMang/heap_4.o
                0x0000000008004b4c                pvPortMalloc
 .text.vPortFree
                0x0000000008004cd0       0xb0 Middlewares/Third_Party/FreeRTOS/Source/portable/MemMang/heap_4.o
                0x0000000008004cd0                vPortFree
 .text.prvHeapInit
                0x0000000008004d80       0xc4 Middlewares/Third_Party/FreeRTOS/Source/portable/MemMang/heap_4.o
 .text.prvInsertBlockIntoFreeList
                0x0000000008004e44       0xb0 Middlewares/Third_Party/FreeRTOS/Source/portable/MemMang/heap_4.o
 .text.xTaskCreateStatic
                0x0000000008004ef4       0xb2 Middlewares/Third_Party/FreeRTOS/Source/tasks.o
                0x0000000008004ef4                xTaskCreateStatic
 .text.xTaskCreate
                0x0000000008004fa6       0x8a Middlewares/Third_Party/FreeRTOS/Source/tasks.o
                0x0000000008004fa6                xTaskCreate
 .text.prvInitialiseNewTask
                0x0000000008005030       0xfc Middlewares/Third_Party/FreeRTOS/Source/tasks.o
 .text.prvAddNewTaskToReadyList
                0x000000000800512c       0xd4 Middlewares/Third_Party/FreeRTOS/Source/tasks.o
 .text.vTaskDelay
                0x0000000008005200       0x68 Middlewares/Third_Party/FreeRTOS/Source/tasks.o
                0x0000000008005200                vTaskDelay
 .text.vTaskStartScheduler
                0x0000000008005268       0xbc Middlewares/Third_Party/FreeRTOS/Source/tasks.o
                0x0000000008005268                vTaskStartScheduler
 .text.vTaskSuspendAll
                0x0000000008005324       0x1c Middlewares/Third_Party/FreeRTOS/Source/tasks.o
                0x0000000008005324                vTaskSuspendAll
 .text.xTaskResumeAll
                0x0000000008005340      0x138 Middlewares/Third_Party/FreeRTOS/Source/tasks.o
                0x0000000008005340                xTaskResumeAll
 .text.xTaskIncrementTick
                0x0000000008005478      0x178 Middlewares/Third_Party/FreeRTOS/Source/tasks.o
                0x0000000008005478                xTaskIncrementTick
 .text.vTaskSwitchContext
                0x00000000080055f0       0xb4 Middlewares/Third_Party/FreeRTOS/Source/tasks.o
                0x00000000080055f0                vTaskSwitchContext
 .text.prvIdleTask
                0x00000000080056a4       0x30 Middlewares/Third_Party/FreeRTOS/Source/tasks.o
 .text.prvInitialiseTaskLists
                0x00000000080056d4       0x80 Middlewares/Third_Party/FreeRTOS/Source/tasks.o
 .text.prvCheckTasksWaitingTermination
                0x0000000008005754       0x58 Middlewares/Third_Party/FreeRTOS/Source/tasks.o
 .text.prvDeleteTCB
                0x00000000080057ac       0x5c Middlewares/Third_Party/FreeRTOS/Source/tasks.o
 .text.prvResetNextTaskUnblockTime
                0x0000000008005808       0x48 Middlewares/Third_Party/FreeRTOS/Source/tasks.o
 .text.prvAddCurrentTaskToDelayedList
                0x0000000008005850       0xcc Middlewares/Third_Party/FreeRTOS/Source/tasks.o
 .text.Reset_Handler
                0x000000000800591c       0x48 startup/startup_stm32f103xb.o
                0x000000000800591c                Reset_Handler
 .text.Default_Handler
                0x0000000008005964        0x2 startup/startup_stm32f103xb.o
                0x0000000008005964                RTC_Alarm_IRQHandler
                0x0000000008005964                EXTI2_IRQHandler
                0x0000000008005964                TIM1_CC_IRQHandler
                0x0000000008005964                PVD_IRQHandler
                0x0000000008005964                EXTI3_IRQHandler
                0x0000000008005964                EXTI0_IRQHandler
                0x0000000008005964                I2C2_EV_IRQHandler
                0x0000000008005964                ADC1_2_IRQHandler
                0x0000000008005964                SPI1_IRQHandler
                0x0000000008005964                TAMPER_IRQHandler
                0x0000000008005964                DMA1_Channel4_IRQHandler
                0x0000000008005964                USART3_IRQHandler
                0x0000000008005964                RTC_IRQHandler
                0x0000000008005964                DMA1_Channel7_IRQHandler
                0x0000000008005964                TIM4_IRQHandler
                0x0000000008005964                I2C1_EV_IRQHandler
                0x0000000008005964                DMA1_Channel6_IRQHandler
                0x0000000008005964                TIM3_IRQHandler
                0x0000000008005964                RCC_IRQHandler
                0x0000000008005964                TIM1_TRG_COM_IRQHandler
                0x0000000008005964                Default_Handler
                0x0000000008005964                EXTI15_10_IRQHandler
                0x0000000008005964                EXTI9_5_IRQHandler
                0x0000000008005964                SPI2_IRQHandler
                0x0000000008005964                DMA1_Channel5_IRQHandler
                0x0000000008005964                EXTI4_IRQHandler
                0x0000000008005964                USB_HP_CAN1_TX_IRQHandler
                0x0000000008005964                DMA1_Channel3_IRQHandler
                0x0000000008005964                WWDG_IRQHandler
                0x0000000008005964                TIM1_BRK_IRQHandler
                0x0000000008005964                EXTI1_IRQHandler
                0x0000000008005964                USART2_IRQHandler
                0x0000000008005964                I2C2_ER_IRQHandler
                0x0000000008005964                DMA1_Channel2_IRQHandler
                0x0000000008005964                CAN1_SCE_IRQHandler
                0x0000000008005964                FLASH_IRQHandler
                0x0000000008005964                USART1_IRQHandler
                0x0000000008005964                I2C1_ER_IRQHandler
                0x0000000008005964                USBWakeUp_IRQHandler
 *fill*         0x0000000008005966        0x2 
 .text.__libc_init_array
                0x0000000008005968       0x48 /opt/Atollic_TrueSTUDIO_for_STM32_x86_64_9.3.0/ARMTools/bin/../lib/gcc/arm-atollic-eabi/6.3.1/../../../../arm-atollic-eabi/lib/armv7-m/libc_nano.a(lib_a-init.o)
                0x0000000008005968                __libc_init_array
 .text.memset   0x00000000080059b0       0x10 /opt/Atollic_TrueSTUDIO_for_STM32_x86_64_9.3.0/ARMTools/bin/../lib/gcc/arm-atollic-eabi/6.3.1/../../../../arm-atollic-eabi/lib/armv7-m/libc_nano.a(lib_a-memset.o)
                0x00000000080059b0                memset
 *(.glue_7)
 .glue_7        0x00000000080059c0        0x0 linker stubs
 *(.glue_7t)
 .glue_7t       0x00000000080059c0        0x0 linker stubs
 *(.eh_frame)
 .eh_frame      0x00000000080059c0        0x0 /opt/Atollic_TrueSTUDIO_for_STM32_x86_64_9.3.0/ARMTools/bin/../lib/gcc/arm-atollic-eabi/6.3.1/armv7-m/crtbegin.o
 *(.init)
 .init          0x00000000080059c0        0x4 /opt/Atollic_TrueSTUDIO_for_STM32_x86_64_9.3.0/ARMTools/bin/../lib/gcc/arm-atollic-eabi/6.3.1/armv7-m/crti.o
                0x00000000080059c0                _init
 .init          0x00000000080059c4        0x8 /opt/Atollic_TrueSTUDIO_for_STM32_x86_64_9.3.0/ARMTools/bin/../lib/gcc/arm-atollic-eabi/6.3.1/armv7-m/crtn.o
 *(.fini)
 .fini          0x00000000080059cc        0x4 /opt/Atollic_TrueSTUDIO_for_STM32_x86_64_9.3.0/ARMTools/bin/../lib/gcc/arm-atollic-eabi/6.3.1/armv7-m/crti.o
                0x00000000080059cc                _fini
 .fini          0x00000000080059d0        0x8 /opt/Atollic_TrueSTUDIO_for_STM32_x86_64_9.3.0/ARMTools/bin/../lib/gcc/arm-atollic-eabi/6.3.1/armv7-m/crtn.o
                0x00000000080059d8                . = ALIGN (0x4)
                0x00000000080059d8                _etext = .

.vfp11_veneer   0x00000000080059d8        0x0
 .vfp11_veneer  0x00000000080059d8        0x0 linker stubs

.v4_bx          0x00000000080059d8        0x0
 .v4_bx         0x00000000080059d8        0x0 linker stubs

.iplt           0x00000000080059d8        0x0
 .iplt          0x00000000080059d8        0x0 /opt/Atollic_TrueSTUDIO_for_STM32_x86_64_9.3.0/ARMTools/bin/../lib/gcc/arm-atollic-eabi/6.3.1/armv7-m/crtbegin.o

.rodata         0x00000000080059d8       0xa0
                0x00000000080059d8                . = ALIGN (0x4)
 *(.rodata)
 .rodata        0x00000000080059d8       0x6c Core/Src/main.o
 .rodata        0x0000000008005a44       0x12 Drivers/STM32F1xx_HAL_Driver/Src/stm32f1xx_hal_rcc.o
 *fill*         0x0000000008005a56        0x2 
 .rodata        0x0000000008005a58        0x5 Middlewares/Third_Party/FreeRTOS/Source/tasks.o
 *(.rodata*)
 *fill*         0x0000000008005a5d        0x3 
 .rodata.AHBPrescTable
                0x0000000008005a60       0x10 Core/Src/system_stm32f1xx.o
                0x0000000008005a60                AHBPrescTable
 .rodata.APBPrescTable
                0x0000000008005a70        0x8 Core/Src/system_stm32f1xx.o
                0x0000000008005a70                APBPrescTable
                0x0000000008005a78                . = ALIGN (0x4)

.rel.dyn        0x0000000008005a78        0x0
 .rel.iplt      0x0000000008005a78        0x0 /opt/Atollic_TrueSTUDIO_for_STM32_x86_64_9.3.0/ARMTools/bin/../lib/gcc/arm-atollic-eabi/6.3.1/armv7-m/crtbegin.o

.ARM.extab
 *(.ARM.extab* .gnu.linkonce.armextab.*)

.ARM            0x0000000008005a78        0x0
                0x0000000008005a78                __exidx_start = .
 *(.ARM.exidx*)
                0x0000000008005a78                __exidx_end = .

.preinit_array  0x0000000008005a78        0x0
                0x0000000008005a78                PROVIDE (__preinit_array_start, .)
 *(.preinit_array*)
                0x0000000008005a78                PROVIDE (__preinit_array_end, .)

.init_array     0x0000000008005a78        0x4
                0x0000000008005a78                PROVIDE (__init_array_start, .)
 *(SORT(.init_array.*))
 *(.init_array*)
 .init_array    0x0000000008005a78        0x4 /opt/Atollic_TrueSTUDIO_for_STM32_x86_64_9.3.0/ARMTools/bin/../lib/gcc/arm-atollic-eabi/6.3.1/armv7-m/crtbegin.o
                0x0000000008005a7c                PROVIDE (__init_array_end, .)

.fini_array     0x0000000008005a7c        0x4
                [!provide]                        PROVIDE (__fini_array_start, .)
 *(SORT(.fini_array.*))
 *(.fini_array*)
 .fini_array    0x0000000008005a7c        0x4 /opt/Atollic_TrueSTUDIO_for_STM32_x86_64_9.3.0/ARMTools/bin/../lib/gcc/arm-atollic-eabi/6.3.1/armv7-m/crtbegin.o
                [!provide]                        PROVIDE (__fini_array_end, .)
                0x0000000008005a80                _sidata = LOADADDR (.data)

.data           0x0000000020000000       0x88 load address 0x0000000008005a80
                0x0000000020000000                . = ALIGN (0x4)
                0x0000000020000000                _sdata = .
 *(.data)
 *(.data*)
 .data.TxData   0x0000000020000000        0x8 Core/Src/main.o
                0x0000000020000000                TxData
 .data.CAN_ID   0x0000000020000008        0x2 Core/Src/main.o
                0x0000000020000008                CAN_ID
 *fill*         0x000000002000000a        0x2 
 .data.ledcolor
                0x000000002000000c        0x4 Core/Src/main.o
                0x000000002000000c                ledcolor
 .data.ledcolor_buffer
                0x0000000020000010        0x4 Core/Src/main.o
                0x0000000020000010                ledcolor_buffer
 .data.ledcolor_table
                0x0000000020000014       0x60 Core/Src/main.o
                0x0000000020000014                ledcolor_table
 .data.ledmode  0x0000000020000074        0x4 Core/Src/main.o
                0x0000000020000074                ledmode
 .data.SystemCoreClock
                0x0000000020000078        0x4 Core/Src/system_stm32f1xx.o
                0x0000000020000078                SystemCoreClock
 .data.uwTickPrio
                0x000000002000007c        0x4 Drivers/STM32F1xx_HAL_Driver/Src/stm32f1xx_hal.o
                0x000000002000007c                uwTickPrio
 .data.uwTickFreq
                0x0000000020000080        0x1 Drivers/STM32F1xx_HAL_Driver/Src/stm32f1xx_hal.o
                0x0000000020000080                uwTickFreq
 *fill*         0x0000000020000081        0x3 
 .data.uxCriticalNesting
                0x0000000020000084        0x4 Middlewares/Third_Party/FreeRTOS/Source/portable/GCC/ARM_CM3/port.o
                0x0000000020000088                . = ALIGN (0x4)
                0x0000000020000088                _edata = .

.igot.plt       0x0000000020000088        0x0 load address 0x0000000008005b08
 .igot.plt      0x0000000020000088        0x0 /opt/Atollic_TrueSTUDIO_for_STM32_x86_64_9.3.0/ARMTools/bin/../lib/gcc/arm-atollic-eabi/6.3.1/armv7-m/crtbegin.o
                0x0000000020000088                . = ALIGN (0x4)

.bss            0x0000000020000088     0x1d40 load address 0x0000000008005b08
                0x0000000020000088                _sbss = .
                0x0000000020000088                __bss_start__ = _sbss
 *(.bss)
 .bss           0x0000000020000088       0x1c /opt/Atollic_TrueSTUDIO_for_STM32_x86_64_9.3.0/ARMTools/bin/../lib/gcc/arm-atollic-eabi/6.3.1/armv7-m/crtbegin.o
 *(.bss*)
 .bss.xIdleTaskTCBBuffer
                0x00000000200000a4       0x54 Core/Src/freertos.o
 .bss.xIdleStack
                0x00000000200000f8      0x200 Core/Src/freertos.o
 .bss.CAN_Neopixel
                0x00000000200002f8        0x4 Core/Src/main.o
                0x00000000200002f8                CAN_Neopixel
 .bss.CAN_Motor
                0x00000000200002fc        0x4 Core/Src/main.o
                0x00000000200002fc                CAN_Motor
 .bss.datasentflag
                0x0000000020000300        0x4 Core/Src/main.o
                0x0000000020000300                datasentflag
 .bss.ucMaxSysCallPriority
                0x0000000020000304        0x1 Middlewares/Third_Party/FreeRTOS/Source/portable/GCC/ARM_CM3/port.o
 *fill*         0x0000000020000305        0x3 
 .bss.ulMaxPRIGROUPValue
                0x0000000020000308        0x4 Middlewares/Third_Party/FreeRTOS/Source/portable/GCC/ARM_CM3/port.o
 .bss.ucHeap    0x000000002000030c      0xc00 Middlewares/Third_Party/FreeRTOS/Source/portable/MemMang/heap_4.o
 .bss.xStart    0x0000000020000f0c        0x8 Middlewares/Third_Party/FreeRTOS/Source/portable/MemMang/heap_4.o
 .bss.pxEnd     0x0000000020000f14        0x4 Middlewares/Third_Party/FreeRTOS/Source/portable/MemMang/heap_4.o
 .bss.xFreeBytesRemaining
                0x0000000020000f18        0x4 Middlewares/Third_Party/FreeRTOS/Source/portable/MemMang/heap_4.o
 .bss.xMinimumEverFreeBytesRemaining
                0x0000000020000f1c        0x4 Middlewares/Third_Party/FreeRTOS/Source/portable/MemMang/heap_4.o
 .bss.xBlockAllocatedBit
                0x0000000020000f20        0x4 Middlewares/Third_Party/FreeRTOS/Source/portable/MemMang/heap_4.o
 .bss.pxCurrentTCB
                0x0000000020000f24        0x4 Middlewares/Third_Party/FreeRTOS/Source/tasks.o
                0x0000000020000f24                pxCurrentTCB
 .bss.pxReadyTasksLists
                0x0000000020000f28       0x8c Middlewares/Third_Party/FreeRTOS/Source/tasks.o
 .bss.xDelayedTaskList1
                0x0000000020000fb4       0x14 Middlewares/Third_Party/FreeRTOS/Source/tasks.o
 .bss.xDelayedTaskList2
                0x0000000020000fc8       0x14 Middlewares/Third_Party/FreeRTOS/Source/tasks.o
 .bss.pxDelayedTaskList
                0x0000000020000fdc        0x4 Middlewares/Third_Party/FreeRTOS/Source/tasks.o
 .bss.pxOverflowDelayedTaskList
                0x0000000020000fe0        0x4 Middlewares/Third_Party/FreeRTOS/Source/tasks.o
 .bss.xPendingReadyList
                0x0000000020000fe4       0x14 Middlewares/Third_Party/FreeRTOS/Source/tasks.o
 .bss.xTasksWaitingTermination
                0x0000000020000ff8       0x14 Middlewares/Third_Party/FreeRTOS/Source/tasks.o
 .bss.uxDeletedTasksWaitingCleanUp
                0x000000002000100c        0x4 Middlewares/Third_Party/FreeRTOS/Source/tasks.o
 .bss.xSuspendedTaskList
                0x0000000020001010       0x14 Middlewares/Third_Party/FreeRTOS/Source/tasks.o
 .bss.uxCurrentNumberOfTasks
                0x0000000020001024        0x4 Middlewares/Third_Party/FreeRTOS/Source/tasks.o
 .bss.xTickCount
                0x0000000020001028        0x4 Middlewares/Third_Party/FreeRTOS/Source/tasks.o
 .bss.uxTopReadyPriority
                0x000000002000102c        0x4 Middlewares/Third_Party/FreeRTOS/Source/tasks.o
 .bss.xSchedulerRunning
                0x0000000020001030        0x4 Middlewares/Third_Party/FreeRTOS/Source/tasks.o
 .bss.uxPendedTicks
                0x0000000020001034        0x4 Middlewares/Third_Party/FreeRTOS/Source/tasks.o
 .bss.xYieldPending
                0x0000000020001038        0x4 Middlewares/Third_Party/FreeRTOS/Source/tasks.o
 .bss.xNumOfOverflows
                0x000000002000103c        0x4 Middlewares/Third_Party/FreeRTOS/Source/tasks.o
 .bss.uxTaskNumber
                0x0000000020001040        0x4 Middlewares/Third_Party/FreeRTOS/Source/tasks.o
 .bss.xNextTaskUnblockTime
                0x0000000020001044        0x4 Middlewares/Third_Party/FreeRTOS/Source/tasks.o
 .bss.xIdleTaskHandle
                0x0000000020001048        0x4 Middlewares/Third_Party/FreeRTOS/Source/tasks.o
 .bss.uxSchedulerSuspended
                0x000000002000104c        0x4 Middlewares/Third_Party/FreeRTOS/Source/tasks.o
 *(COMMON)
 COMMON         0x0000000020001050      0xd2c Core/Src/main.o
                0x0000000020001050                defaultTaskHandle
                0x0000000020001054                LED_Data
                0x0000000020001118                LED_Mod
                0x00000000200011dc                hcan
                0x0000000020001240                pwmData
                0x0000000020001c64                huart1
                0x0000000020001ca8                HPTHandle
                0x0000000020001cac                TxMailbox
                0x0000000020001cb0                RxData
                0x0000000020001cb8                htim2
                0x0000000020001d00                TxHeader
                0x0000000020001d18                RxHeader
                0x0000000020001d34                hdma_tim2_ch3
                0x0000000020001d78                CANTaskHandle
 COMMON         0x0000000020001d7c       0x48 Core/Src/stm32f1xx_hal_timebase_tim.o
                0x0000000020001d7c                htim1
 COMMON         0x0000000020001dc4        0x4 Drivers/STM32F1xx_HAL_Driver/Src/stm32f1xx_hal.o
                0x0000000020001dc4                uwTick
                0x0000000020001dc8                . = ALIGN (0x4)
                0x0000000020001dc8                _ebss = .
                0x0000000020001dc8                __bss_end__ = _ebss

._user_heap_stack
                0x0000000020001dc8      0x600 load address 0x0000000008005b08
                0x0000000020001dc8                . = ALIGN (0x4)
                0x0000000020001dc8                PROVIDE (end, .)
                [!provide]                        PROVIDE (_end, .)
                0x0000000020001fc8                . = (. + _Min_Heap_Size)
 *fill*         0x0000000020001dc8      0x200 
                0x00000000200023c8                . = (. + _Min_Stack_Size)
 *fill*         0x0000000020001fc8      0x400 
                0x00000000200023c8                . = ALIGN (0x4)

/DISCARD/
 libc.a(*)
 libm.a(*)
 libgcc.a(*)

.ARM.attributes
                0x0000000000000000       0x29
 *(.ARM.attributes)
 .ARM.attributes
                0x0000000000000000       0x1d /opt/Atollic_TrueSTUDIO_for_STM32_x86_64_9.3.0/ARMTools/bin/../lib/gcc/arm-atollic-eabi/6.3.1/armv7-m/crti.o
 .ARM.attributes
                0x000000000000001d       0x2d /opt/Atollic_TrueSTUDIO_for_STM32_x86_64_9.3.0/ARMTools/bin/../lib/gcc/arm-atollic-eabi/6.3.1/armv7-m/crtbegin.o
 .ARM.attributes
                0x000000000000004a       0x33 Core/Src/freertos.o
 .ARM.attributes
                0x000000000000007d       0x33 Core/Src/main.o
 .ARM.attributes
                0x00000000000000b0       0x33 Core/Src/stm32f1xx_hal_msp.o
 .ARM.attributes
                0x00000000000000e3       0x33 Core/Src/stm32f1xx_hal_timebase_tim.o
 .ARM.attributes
                0x0000000000000116       0x33 Core/Src/stm32f1xx_it.o
 .ARM.attributes
                0x0000000000000149       0x33 Core/Src/system_stm32f1xx.o
 .ARM.attributes
                0x000000000000017c       0x33 Drivers/STM32F1xx_HAL_Driver/Src/stm32f1xx_hal.o
 .ARM.attributes
                0x00000000000001af       0x33 Drivers/STM32F1xx_HAL_Driver/Src/stm32f1xx_hal_can.o
 .ARM.attributes
                0x00000000000001e2       0x33 Drivers/STM32F1xx_HAL_Driver/Src/stm32f1xx_hal_cortex.o
 .ARM.attributes
                0x0000000000000215       0x33 Drivers/STM32F1xx_HAL_Driver/Src/stm32f1xx_hal_dma.o
 .ARM.attributes
                0x0000000000000248       0x33 Drivers/STM32F1xx_HAL_Driver/Src/stm32f1xx_hal_gpio.o
 .ARM.attributes
                0x000000000000027b       0x33 Drivers/STM32F1xx_HAL_Driver/Src/stm32f1xx_hal_rcc.o
 .ARM.attributes
                0x00000000000002ae       0x33 Drivers/STM32F1xx_HAL_Driver/Src/stm32f1xx_hal_tim.o
 .ARM.attributes
                0x00000000000002e1       0x33 Drivers/STM32F1xx_HAL_Driver/Src/stm32f1xx_hal_tim_ex.o
 .ARM.attributes
                0x0000000000000314       0x33 Drivers/STM32F1xx_HAL_Driver/Src/stm32f1xx_hal_uart.o
 .ARM.attributes
                0x0000000000000347       0x33 Middlewares/Third_Party/FreeRTOS/Source/CMSIS_RTOS/cmsis_os.o
 .ARM.attributes
                0x000000000000037a       0x33 Middlewares/Third_Party/FreeRTOS/Source/list.o
 .ARM.attributes
                0x00000000000003ad       0x33 Middlewares/Third_Party/FreeRTOS/Source/portable/GCC/ARM_CM3/port.o
 .ARM.attributes
                0x00000000000003e0       0x33 Middlewares/Third_Party/FreeRTOS/Source/portable/MemMang/heap_4.o
 .ARM.attributes
                0x0000000000000413       0x33 Middlewares/Third_Party/FreeRTOS/Source/tasks.o
 .ARM.attributes
                0x0000000000000446       0x21 startup/startup_stm32f103xb.o
 .ARM.attributes
                0x0000000000000467       0x2d /opt/Atollic_TrueSTUDIO_for_STM32_x86_64_9.3.0/ARMTools/bin/../lib/gcc/arm-atollic-eabi/6.3.1/../../../../arm-atollic-eabi/lib/armv7-m/libc_nano.a(lib_a-init.o)
 .ARM.attributes
                0x0000000000000494       0x2d /opt/Atollic_TrueSTUDIO_for_STM32_x86_64_9.3.0/ARMTools/bin/../lib/gcc/arm-atollic-eabi/6.3.1/../../../../arm-atollic-eabi/lib/armv7-m/libc_nano.a(lib_a-memset.o)
 .ARM.attributes
                0x00000000000004c1       0x1d /opt/Atollic_TrueSTUDIO_for_STM32_x86_64_9.3.0/ARMTools/bin/../lib/gcc/arm-atollic-eabi/6.3.1/armv7-m/crtn.o
OUTPUT(Board_test.elf elf32-littlearm)

.debug_info     0x0000000000000000    0x13b2d
 .debug_info    0x0000000000000000      0x346 Core/Src/freertos.o
 .debug_info    0x0000000000000346     0x240b Core/Src/main.o
 .debug_info    0x0000000000002751     0x128d Core/Src/stm32f1xx_hal_msp.o
 .debug_info    0x00000000000039de      0x98d Core/Src/stm32f1xx_hal_timebase_tim.o
 .debug_info    0x000000000000436b      0xbcb Core/Src/stm32f1xx_it.o
 .debug_info    0x0000000000004f36      0x29b Core/Src/system_stm32f1xx.o
 .debug_info    0x00000000000051d1      0x714 Drivers/STM32F1xx_HAL_Driver/Src/stm32f1xx_hal.o
 .debug_info    0x00000000000058e5     0x118a Drivers/STM32F1xx_HAL_Driver/Src/stm32f1xx_hal_can.o
 .debug_info    0x0000000000006a6f      0xb52 Drivers/STM32F1xx_HAL_Driver/Src/stm32f1xx_hal_cortex.o
 .debug_info    0x00000000000075c1      0x7ad Drivers/STM32F1xx_HAL_Driver/Src/stm32f1xx_hal_dma.o
 .debug_info    0x0000000000007d6e      0x69b Drivers/STM32F1xx_HAL_Driver/Src/stm32f1xx_hal_gpio.o
 .debug_info    0x0000000000008409      0x80e Drivers/STM32F1xx_HAL_Driver/Src/stm32f1xx_hal_rcc.o
 .debug_info    0x0000000000008c17     0x27ea Drivers/STM32F1xx_HAL_Driver/Src/stm32f1xx_hal_tim.o
 .debug_info    0x000000000000b401     0x13a5 Drivers/STM32F1xx_HAL_Driver/Src/stm32f1xx_hal_tim_ex.o
 .debug_info    0x000000000000c7a6     0x14e9 Drivers/STM32F1xx_HAL_Driver/Src/stm32f1xx_hal_uart.o
 .debug_info    0x000000000000dc8f     0x1e5c Middlewares/Third_Party/FreeRTOS/Source/CMSIS_RTOS/cmsis_os.o
 .debug_info    0x000000000000faeb      0xac8 Middlewares/Third_Party/FreeRTOS/Source/list.o
 .debug_info    0x00000000000105b3      0x4d5 Middlewares/Third_Party/FreeRTOS/Source/portable/GCC/ARM_CM3/port.o
 .debug_info    0x0000000000010a88      0xbed Middlewares/Third_Party/FreeRTOS/Source/portable/MemMang/heap_4.o
 .debug_info    0x0000000000011675     0x243e Middlewares/Third_Party/FreeRTOS/Source/tasks.o
 .debug_info    0x0000000000013ab3       0x7a startup/startup_stm32f103xb.o

.debug_abbrev   0x0000000000000000     0x2b19
 .debug_abbrev  0x0000000000000000      0x104 Core/Src/freertos.o
 .debug_abbrev  0x0000000000000104      0x334 Core/Src/main.o
 .debug_abbrev  0x0000000000000438      0x211 Core/Src/stm32f1xx_hal_msp.o
 .debug_abbrev  0x0000000000000649      0x196 Core/Src/stm32f1xx_hal_timebase_tim.o
 .debug_abbrev  0x00000000000007df      0x19c Core/Src/stm32f1xx_it.o
 .debug_abbrev  0x000000000000097b      0x12f Core/Src/system_stm32f1xx.o
 .debug_abbrev  0x0000000000000aaa      0x1c2 Drivers/STM32F1xx_HAL_Driver/Src/stm32f1xx_hal.o
 .debug_abbrev  0x0000000000000c6c      0x219 Drivers/STM32F1xx_HAL_Driver/Src/stm32f1xx_hal_can.o
 .debug_abbrev  0x0000000000000e85      0x2d0 Drivers/STM32F1xx_HAL_Driver/Src/stm32f1xx_hal_cortex.o
 .debug_abbrev  0x0000000000001155      0x1f9 Drivers/STM32F1xx_HAL_Driver/Src/stm32f1xx_hal_dma.o
 .debug_abbrev  0x000000000000134e      0x1bb Drivers/STM32F1xx_HAL_Driver/Src/stm32f1xx_hal_gpio.o
 .debug_abbrev  0x0000000000001509      0x23e Drivers/STM32F1xx_HAL_Driver/Src/stm32f1xx_hal_rcc.o
 .debug_abbrev  0x0000000000001747      0x229 Drivers/STM32F1xx_HAL_Driver/Src/stm32f1xx_hal_tim.o
 .debug_abbrev  0x0000000000001970      0x22f Drivers/STM32F1xx_HAL_Driver/Src/stm32f1xx_hal_tim_ex.o
 .debug_abbrev  0x0000000000001b9f      0x258 Drivers/STM32F1xx_HAL_Driver/Src/stm32f1xx_hal_uart.o
 .debug_abbrev  0x0000000000001df7      0x374 Middlewares/Third_Party/FreeRTOS/Source/CMSIS_RTOS/cmsis_os.o
 .debug_abbrev  0x000000000000216b      0x1cc Middlewares/Third_Party/FreeRTOS/Source/list.o
 .debug_abbrev  0x0000000000002337      0x202 Middlewares/Third_Party/FreeRTOS/Source/portable/GCC/ARM_CM3/port.o
 .debug_abbrev  0x0000000000002539      0x29b Middlewares/Third_Party/FreeRTOS/Source/portable/MemMang/heap_4.o
 .debug_abbrev  0x00000000000027d4      0x333 Middlewares/Third_Party/FreeRTOS/Source/tasks.o
 .debug_abbrev  0x0000000000002b07       0x12 startup/startup_stm32f103xb.o

.debug_aranges  0x0000000000000000     0x1260
 .debug_aranges
                0x0000000000000000       0x20 Core/Src/freertos.o
 .debug_aranges
                0x0000000000000020       0xa8 Core/Src/main.o
 .debug_aranges
                0x00000000000000c8       0x58 Core/Src/stm32f1xx_hal_msp.o
 .debug_aranges
                0x0000000000000120       0x30 Core/Src/stm32f1xx_hal_timebase_tim.o
 .debug_aranges
                0x0000000000000150       0x70 Core/Src/stm32f1xx_it.o
 .debug_aranges
                0x00000000000001c0       0x28 Core/Src/system_stm32f1xx.o
 .debug_aranges
                0x00000000000001e8       0xe0 Drivers/STM32F1xx_HAL_Driver/Src/stm32f1xx_hal.o
 .debug_aranges
                0x00000000000002c8      0x148 Drivers/STM32F1xx_HAL_Driver/Src/stm32f1xx_hal_can.o
 .debug_aranges
                0x0000000000000410      0x100 Drivers/STM32F1xx_HAL_Driver/Src/stm32f1xx_hal_cortex.o
 .debug_aranges
                0x0000000000000510       0x80 Drivers/STM32F1xx_HAL_Driver/Src/stm32f1xx_hal_dma.o
 .debug_aranges
                0x0000000000000590       0x58 Drivers/STM32F1xx_HAL_Driver/Src/stm32f1xx_hal_gpio.o
 .debug_aranges
                0x00000000000005e8       0x90 Drivers/STM32F1xx_HAL_Driver/Src/stm32f1xx_hal_rcc.o
 .debug_aranges
                0x0000000000000678      0x3d0 Drivers/STM32F1xx_HAL_Driver/Src/stm32f1xx_hal_tim.o
 .debug_aranges
                0x0000000000000a48      0x168 Drivers/STM32F1xx_HAL_Driver/Src/stm32f1xx_hal_tim_ex.o
 .debug_aranges
                0x0000000000000bb0      0x200 Drivers/STM32F1xx_HAL_Driver/Src/stm32f1xx_hal_uart.o
 .debug_aranges
                0x0000000000000db0      0x1d8 Middlewares/Third_Party/FreeRTOS/Source/CMSIS_RTOS/cmsis_os.o
 .debug_aranges
                0x0000000000000f88       0x40 Middlewares/Third_Party/FreeRTOS/Source/list.o
 .debug_aranges
                0x0000000000000fc8       0x78 Middlewares/Third_Party/FreeRTOS/Source/portable/GCC/ARM_CM3/port.o
 .debug_aranges
                0x0000000000001040       0x50 Middlewares/Third_Party/FreeRTOS/Source/portable/MemMang/heap_4.o
 .debug_aranges
                0x0000000000001090      0x1a8 Middlewares/Third_Party/FreeRTOS/Source/tasks.o
 .debug_aranges
                0x0000000000001238       0x28 startup/startup_stm32f103xb.o

.debug_ranges   0x0000000000000000     0x1148
 .debug_ranges  0x0000000000000000       0x10 Core/Src/freertos.o
 .debug_ranges  0x0000000000000010       0x98 Core/Src/main.o
 .debug_ranges  0x00000000000000a8       0x48 Core/Src/stm32f1xx_hal_msp.o
 .debug_ranges  0x00000000000000f0       0x20 Core/Src/stm32f1xx_hal_timebase_tim.o
 .debug_ranges  0x0000000000000110       0x60 Core/Src/stm32f1xx_it.o
 .debug_ranges  0x0000000000000170       0x18 Core/Src/system_stm32f1xx.o
 .debug_ranges  0x0000000000000188       0xd0 Drivers/STM32F1xx_HAL_Driver/Src/stm32f1xx_hal.o
 .debug_ranges  0x0000000000000258      0x138 Drivers/STM32F1xx_HAL_Driver/Src/stm32f1xx_hal_can.o
 .debug_ranges  0x0000000000000390       0xf0 Drivers/STM32F1xx_HAL_Driver/Src/stm32f1xx_hal_cortex.o
 .debug_ranges  0x0000000000000480       0x70 Drivers/STM32F1xx_HAL_Driver/Src/stm32f1xx_hal_dma.o
 .debug_ranges  0x00000000000004f0       0x48 Drivers/STM32F1xx_HAL_Driver/Src/stm32f1xx_hal_gpio.o
 .debug_ranges  0x0000000000000538       0x80 Drivers/STM32F1xx_HAL_Driver/Src/stm32f1xx_hal_rcc.o
 .debug_ranges  0x00000000000005b8      0x3c0 Drivers/STM32F1xx_HAL_Driver/Src/stm32f1xx_hal_tim.o
 .debug_ranges  0x0000000000000978      0x158 Drivers/STM32F1xx_HAL_Driver/Src/stm32f1xx_hal_tim_ex.o
 .debug_ranges  0x0000000000000ad0      0x220 Drivers/STM32F1xx_HAL_Driver/Src/stm32f1xx_hal_uart.o
 .debug_ranges  0x0000000000000cf0      0x1c8 Middlewares/Third_Party/FreeRTOS/Source/CMSIS_RTOS/cmsis_os.o
 .debug_ranges  0x0000000000000eb8       0x30 Middlewares/Third_Party/FreeRTOS/Source/list.o
 .debug_ranges  0x0000000000000ee8       0x68 Middlewares/Third_Party/FreeRTOS/Source/portable/GCC/ARM_CM3/port.o
 .debug_ranges  0x0000000000000f50       0x40 Middlewares/Third_Party/FreeRTOS/Source/portable/MemMang/heap_4.o
 .debug_ranges  0x0000000000000f90      0x198 Middlewares/Third_Party/FreeRTOS/Source/tasks.o
 .debug_ranges  0x0000000000001128       0x20 startup/startup_stm32f103xb.o

.debug_line     0x0000000000000000     0x8af9
 .debug_line    0x0000000000000000      0x26a Core/Src/freertos.o
 .debug_line    0x000000000000026a      0x794 Core/Src/main.o
 .debug_line    0x00000000000009fe      0x328 Core/Src/stm32f1xx_hal_msp.o
 .debug_line    0x0000000000000d26      0x26e Core/Src/stm32f1xx_hal_timebase_tim.o
 .debug_line    0x0000000000000f94      0x2fb Core/Src/stm32f1xx_it.o
 .debug_line    0x000000000000128f      0x215 Core/Src/system_stm32f1xx.o
 .debug_line    0x00000000000014a4      0x3d0 Drivers/STM32F1xx_HAL_Driver/Src/stm32f1xx_hal.o
 .debug_line    0x0000000000001874      0x778 Drivers/STM32F1xx_HAL_Driver/Src/stm32f1xx_hal_can.o
 .debug_line    0x0000000000001fec      0x4a0 Drivers/STM32F1xx_HAL_Driver/Src/stm32f1xx_hal_cortex.o
 .debug_line    0x000000000000248c      0x65b Drivers/STM32F1xx_HAL_Driver/Src/stm32f1xx_hal_dma.o
 .debug_line    0x0000000000002ae7      0x3e4 Drivers/STM32F1xx_HAL_Driver/Src/stm32f1xx_hal_gpio.o
 .debug_line    0x0000000000002ecb      0x4e8 Drivers/STM32F1xx_HAL_Driver/Src/stm32f1xx_hal_rcc.o
 .debug_line    0x00000000000033b3     0x1b66 Drivers/STM32F1xx_HAL_Driver/Src/stm32f1xx_hal_tim.o
 .debug_line    0x0000000000004f19      0xd1c Drivers/STM32F1xx_HAL_Driver/Src/stm32f1xx_hal_tim_ex.o
 .debug_line    0x0000000000005c35      0xc7e Drivers/STM32F1xx_HAL_Driver/Src/stm32f1xx_hal_uart.o
 .debug_line    0x00000000000068b3      0x923 Middlewares/Third_Party/FreeRTOS/Source/CMSIS_RTOS/cmsis_os.o
 .debug_line    0x00000000000071d6      0x33a Middlewares/Third_Party/FreeRTOS/Source/list.o
 .debug_line    0x0000000000007510      0x383 Middlewares/Third_Party/FreeRTOS/Source/portable/GCC/ARM_CM3/port.o
 .debug_line    0x0000000000007893      0x3d9 Middlewares/Third_Party/FreeRTOS/Source/portable/MemMang/heap_4.o
 .debug_line    0x0000000000007c6c      0xe0d Middlewares/Third_Party/FreeRTOS/Source/tasks.o
 .debug_line    0x0000000000008a79       0x80 startup/startup_stm32f103xb.o

.debug_str      0x0000000000000000     0x609b
 .debug_str     0x0000000000000000      0x35b Core/Src/freertos.o
                                        0x3d1 (size before relaxing)
 .debug_str     0x000000000000035b     0x1706 Core/Src/main.o
                                       0x1c7f (size before relaxing)
 .debug_str     0x0000000000001a61       0xe6 Core/Src/stm32f1xx_hal_msp.o
                                       0x1137 (size before relaxing)
 .debug_str     0x0000000000001b47       0xaa Core/Src/stm32f1xx_hal_timebase_tim.o
                                        0xb55 (size before relaxing)
 .debug_str     0x0000000000001bf1       0xeb Core/Src/stm32f1xx_it.o
                                        0xbd6 (size before relaxing)
 .debug_str     0x0000000000001cdc       0x52 Core/Src/system_stm32f1xx.o
                                        0x2f7 (size before relaxing)
 .debug_str     0x0000000000001d2e      0x227 Drivers/STM32F1xx_HAL_Driver/Src/stm32f1xx_hal.o
                                        0x82f (size before relaxing)
 .debug_str     0x0000000000001f55      0x65e Drivers/STM32F1xx_HAL_Driver/Src/stm32f1xx_hal_can.o
                                        0xe6d (size before relaxing)
 .debug_str     0x00000000000025b3      0x3cf Drivers/STM32F1xx_HAL_Driver/Src/stm32f1xx_hal_cortex.o
                                        0x990 (size before relaxing)
 .debug_str     0x0000000000002982      0x22a Drivers/STM32F1xx_HAL_Driver/Src/stm32f1xx_hal_dma.o
                                        0x6d2 (size before relaxing)
 .debug_str     0x0000000000002bac      0x145 Drivers/STM32F1xx_HAL_Driver/Src/stm32f1xx_hal_gpio.o
                                        0x4e1 (size before relaxing)
 .debug_str     0x0000000000002cf1      0x201 Drivers/STM32F1xx_HAL_Driver/Src/stm32f1xx_hal_rcc.o
                                        0x69c (size before relaxing)
 .debug_str     0x0000000000002ef2      0xdb5 Drivers/STM32F1xx_HAL_Driver/Src/stm32f1xx_hal_tim.o
                                       0x16c6 (size before relaxing)
 .debug_str     0x0000000000003ca7      0x57b Drivers/STM32F1xx_HAL_Driver/Src/stm32f1xx_hal_tim_ex.o
                                        0xe77 (size before relaxing)
 .debug_str     0x0000000000004222      0x5ed Drivers/STM32F1xx_HAL_Driver/Src/stm32f1xx_hal_uart.o
                                        0xce6 (size before relaxing)
 .debug_str     0x000000000000480f      0x8b4 Middlewares/Third_Party/FreeRTOS/Source/CMSIS_RTOS/cmsis_os.o
                                       0x1140 (size before relaxing)
 .debug_str     0x00000000000050c3      0x143 Middlewares/Third_Party/FreeRTOS/Source/list.o
                                        0x72e (size before relaxing)
 .debug_str     0x0000000000005206      0x22c Middlewares/Third_Party/FreeRTOS/Source/portable/GCC/ARM_CM3/port.o
                                        0x43e (size before relaxing)
 .debug_str     0x0000000000005432      0x1ff Middlewares/Third_Party/FreeRTOS/Source/portable/MemMang/heap_4.o
                                        0x7f8 (size before relaxing)
 .debug_str     0x0000000000005631      0xa6a Middlewares/Third_Party/FreeRTOS/Source/tasks.o
                                       0x1301 (size before relaxing)

.comment        0x0000000000000000       0x7c
 .comment       0x0000000000000000       0x7c Core/Src/freertos.o
                                         0x7d (size before relaxing)
 .comment       0x000000000000007c       0x7d Core/Src/main.o
 .comment       0x000000000000007c       0x7d Core/Src/stm32f1xx_hal_msp.o
 .comment       0x000000000000007c       0x7d Core/Src/stm32f1xx_hal_timebase_tim.o
 .comment       0x000000000000007c       0x7d Core/Src/stm32f1xx_it.o
 .comment       0x000000000000007c       0x7d Core/Src/system_stm32f1xx.o
 .comment       0x000000000000007c       0x7d Drivers/STM32F1xx_HAL_Driver/Src/stm32f1xx_hal.o
 .comment       0x000000000000007c       0x7d Drivers/STM32F1xx_HAL_Driver/Src/stm32f1xx_hal_can.o
 .comment       0x000000000000007c       0x7d Drivers/STM32F1xx_HAL_Driver/Src/stm32f1xx_hal_cortex.o
 .comment       0x000000000000007c       0x7d Drivers/STM32F1xx_HAL_Driver/Src/stm32f1xx_hal_dma.o
 .comment       0x000000000000007c       0x7d Drivers/STM32F1xx_HAL_Driver/Src/stm32f1xx_hal_gpio.o
 .comment       0x000000000000007c       0x7d Drivers/STM32F1xx_HAL_Driver/Src/stm32f1xx_hal_rcc.o
 .comment       0x000000000000007c       0x7d Drivers/STM32F1xx_HAL_Driver/Src/stm32f1xx_hal_tim.o
 .comment       0x000000000000007c       0x7d Drivers/STM32F1xx_HAL_Driver/Src/stm32f1xx_hal_tim_ex.o
 .comment       0x000000000000007c       0x7d Drivers/STM32F1xx_HAL_Driver/Src/stm32f1xx_hal_uart.o
 .comment       0x000000000000007c       0x7d Middlewares/Third_Party/FreeRTOS/Source/CMSIS_RTOS/cmsis_os.o
 .comment       0x000000000000007c       0x7d Middlewares/Third_Party/FreeRTOS/Source/list.o
 .comment       0x000000000000007c       0x7d Middlewares/Third_Party/FreeRTOS/Source/portable/GCC/ARM_CM3/port.o
 .comment       0x000000000000007c       0x7d Middlewares/Third_Party/FreeRTOS/Source/portable/MemMang/heap_4.o
 .comment       0x000000000000007c       0x7d Middlewares/Third_Party/FreeRTOS/Source/tasks.o

.debug_frame    0x0000000000000000     0x4cb8
 .debug_frame   0x0000000000000000       0x38 Core/Src/freertos.o
 .debug_frame   0x0000000000000038      0x284 Core/Src/main.o
 .debug_frame   0x00000000000002bc      0x130 Core/Src/stm32f1xx_hal_msp.o
 .debug_frame   0x00000000000003ec       0x74 Core/Src/stm32f1xx_hal_timebase_tim.o
 .debug_frame   0x0000000000000460      0x134 Core/Src/stm32f1xx_it.o
 .debug_frame   0x0000000000000594       0x58 Core/Src/system_stm32f1xx.o
 .debug_frame   0x00000000000005ec      0x334 Drivers/STM32F1xx_HAL_Driver/Src/stm32f1xx_hal.o
 .debug_frame   0x0000000000000920      0x5f4 Drivers/STM32F1xx_HAL_Driver/Src/stm32f1xx_hal_can.o
 .debug_frame   0x0000000000000f14      0x428 Drivers/STM32F1xx_HAL_Driver/Src/stm32f1xx_hal_cortex.o
 .debug_frame   0x000000000000133c      0x208 Drivers/STM32F1xx_HAL_Driver/Src/stm32f1xx_hal_dma.o
 .debug_frame   0x0000000000001544      0x14c Drivers/STM32F1xx_HAL_Driver/Src/stm32f1xx_hal_gpio.o
 .debug_frame   0x0000000000001690      0x21c Drivers/STM32F1xx_HAL_Driver/Src/stm32f1xx_hal_rcc.o
 .debug_frame   0x00000000000018ac     0x11b8 Drivers/STM32F1xx_HAL_Driver/Src/stm32f1xx_hal_tim.o
 .debug_frame   0x0000000000002a64      0x638 Drivers/STM32F1xx_HAL_Driver/Src/stm32f1xx_hal_tim_ex.o
 .debug_frame   0x000000000000309c      0x918 Drivers/STM32F1xx_HAL_Driver/Src/stm32f1xx_hal_uart.o
 .debug_frame   0x00000000000039b4      0x80c Middlewares/Third_Party/FreeRTOS/Source/CMSIS_RTOS/cmsis_os.o
 .debug_frame   0x00000000000041c0       0xd8 Middlewares/Third_Party/FreeRTOS/Source/list.o
 .debug_frame   0x0000000000004298      0x198 Middlewares/Third_Party/FreeRTOS/Source/portable/GCC/ARM_CM3/port.o
 .debug_frame   0x0000000000004430      0x108 Middlewares/Third_Party/FreeRTOS/Source/portable/MemMang/heap_4.o
 .debug_frame   0x0000000000004538      0x734 Middlewares/Third_Party/FreeRTOS/Source/tasks.o
 .debug_frame   0x0000000000004c6c       0x2c /opt/Atollic_TrueSTUDIO_for_STM32_x86_64_9.3.0/ARMTools/bin/../lib/gcc/arm-atollic-eabi/6.3.1/../../../../arm-atollic-eabi/lib/armv7-m/libc_nano.a(lib_a-init.o)
 .debug_frame   0x0000000000004c98       0x20 /opt/Atollic_TrueSTUDIO_for_STM32_x86_64_9.3.0/ARMTools/bin/../lib/gcc/arm-atollic-eabi/6.3.1/../../../../arm-atollic-eabi/lib/armv7-m/libc_nano.a(lib_a-memset.o)
